#0 building with "desktop-linux" instance using docker driver

#1 [internal] load build definition from Dockerfile
#1 transferring dockerfile: 782B 0.0s done
#1 DONE 0.7s

#2 [internal] load metadata for docker.io/library/alpine:3.21
#2 DONE 0.5s

#3 [internal] load metadata for docker.io/library/golang:1.22.12-alpine
#3 DONE 2.2s

#4 [internal] load .dockerignore
#4 transferring context:
#4 transferring context: 60B done
#4 DONE 0.5s

#5 [internal] load build context
#5 DONE 0.0s

#6 [builder 1/6] FROM docker.io/library/golang:1.22.12-alpine@sha256:1699c10032ca2582ec89a24a1312d986a3f094aed3d5c1147b19880afe40e052
#6 resolve docker.io/library/golang:1.22.12-alpine@sha256:1699c10032ca2582ec89a24a1312d986a3f094aed3d5c1147b19880afe40e052
#6 resolve docker.io/library/golang:1.22.12-alpine@sha256:1699c10032ca2582ec89a24a1312d986a3f094aed3d5c1147b19880afe40e052 0.9s done
#6 DONE 1.0s

#7 [stage-1 1/5] FROM docker.io/library/alpine:3.21@sha256:48b0309ca019d89d40f670aa1bc06e426dc0931948452e8491e3d65087abc07d
#7 resolve docker.io/library/alpine:3.21@sha256:48b0309ca019d89d40f670aa1bc06e426dc0931948452e8491e3d65087abc07d
#7 resolve docker.io/library/alpine:3.21@sha256:48b0309ca019d89d40f670aa1bc06e426dc0931948452e8491e3d65087abc07d 0.9s done
#7 DONE 1.1s

#5 [internal] load build context
#5 transferring context: 1.34kB 0.0s done
#5 DONE 0.2s

#8 [builder 2/6] WORKDIR /app
#8 CACHED

#9 [builder 3/6] COPY go.mod go.sum ./
#9 CACHED

#10 [builder 4/6] RUN go mod download
#10 CACHED

#11 [builder 5/6] COPY . .
#11 DONE 1.4s

#12 [builder 6/6] RUN CGO_ENABLED=0 go build -o devboard-backend .
#12 DONE 151.8s

#13 [stage-1 2/5] WORKDIR /app
#13 CACHED

#14 [stage-1 3/5] RUN apk add --no-cache ca-certificates
#14 CACHED

#15 [stage-1 4/5] COPY --from=builder /app/devboard-backend ./devboard-backend
#15 CACHED

#16 [stage-1 5/5] RUN chmod +x ./devboard-backend
#16 CACHED

#17 exporting to image
#17 exporting layers
#17 exporting layers 0.7s done
#17 exporting manifest sha256:f158d616ad420f884f5b5d9437eebb75d7b105c252c2c14b526e8cd00b06a08d
#17 exporting manifest sha256:f158d616ad420f884f5b5d9437eebb75d7b105c252c2c14b526e8cd00b06a08d 2.4s done
#17 exporting config sha256:28db801703fbb128f2a10f4feeb2644a8a7e398ebd2d10a09e2bbbacdb6d4930
#17 exporting config sha256:28db801703fbb128f2a10f4feeb2644a8a7e398ebd2d10a09e2bbbacdb6d4930 0.3s done
#17 exporting attestation manifest sha256:edbd93cabb90e7f16c0852be0e70d53b930300ff1866f837a2e079d9a0eb9bb0
#17 exporting attestation manifest sha256:edbd93cabb90e7f16c0852be0e70d53b930300ff1866f837a2e079d9a0eb9bb0 3.2s done
#17 exporting manifest list sha256:ce73d63bc4760bbe57de56e2997e6a080dea4ac5f5be17bd533f338fb394193d
#17 exporting manifest list sha256:ce73d63bc4760bbe57de56e2997e6a080dea4ac5f5be17bd533f338fb394193d 1.0s done
#17 naming to docker.io/library/devboard-backend:fixed
#17 naming to docker.io/library/devboard-backend:fixed 0.3s done
#17 unpacking to docker.io/library/devboard-backend:fixed
#17 unpacking to docker.io/library/devboard-backend:fixed 0.8s done
#17 DONE 14.8s

View build details: docker-desktop://dashboard/build/desktop-linux/desktop-linux/mx92i7gesy16xc6n58hp57zf2
