Aug 25 04:14:20 pranav-cluster-worker2 systemd[1]: Starting containerd.service - containerd container runtime...
Aug 25 04:14:20 pranav-cluster-worker2 containerd[120]: time="2026-08-25T04:14:20.930956178Z" level=info msg="starting containerd" revision=1c4457e00facac03ce1d75f7b6777a7a851e5c41 version=v2.2.0
Aug 25 04:14:20 pranav-cluster-worker2 containerd[120]: time="2026-08-25T04:14:20.984287874Z" level=warning msg="Configuration migrated from version 2, use `containerd config migrate` to avoid migration" t="14.046µs"
Aug 25 04:14:20 pranav-cluster-worker2 containerd[120]: time="2026-08-25T04:14:20.985149424Z" level=info msg="loading plugin" id=io.containerd.content.v1.content type=io.containerd.content.v1
Aug 25 04:14:20 pranav-cluster-worker2 containerd[120]: time="2026-08-25T04:14:20.986218194Z" level=info msg="loading plugin" id=io.containerd.image-verifier.v1.bindir type=io.containerd.image-verifier.v1
Aug 25 04:14:20 pranav-cluster-worker2 containerd[120]: time="2026-08-25T04:14:20.986266392Z" level=info msg="loading plugin" id=io.containerd.internal.v1.opt type=io.containerd.internal.v1
Aug 25 04:14:20 pranav-cluster-worker2 containerd[120]: time="2026-08-25T04:14:20.987363965Z" level=info msg="loading plugin" id=io.containerd.warning.v1.deprecations type=io.containerd.warning.v1
Aug 25 04:14:20 pranav-cluster-worker2 containerd[120]: time="2026-08-25T04:14:20.987415057Z" level=info msg="loading plugin" id=io.containerd.mount-handler.v1.erofs type=io.containerd.mount-handler.v1
Aug 25 04:14:20 pranav-cluster-worker2 containerd[120]: time="2026-08-25T04:14:20.987441904Z" level=info msg="loading plugin" id=io.containerd.snapshotter.v1.blockfile type=io.containerd.snapshotter.v1
Aug 25 04:14:20 pranav-cluster-worker2 containerd[120]: time="2026-08-25T04:14:20.987478008Z" level=info msg="skip loading plugin" error="no scratch file generator: skip plugin" id=io.containerd.snapshotter.v1.blockfile type=io.containerd.snapshotter.v1
Aug 25 04:14:20 pranav-cluster-worker2 containerd[120]: time="2026-08-25T04:14:20.987493641Z" level=info msg="loading plugin" id=io.containerd.snapshotter.v1.erofs type=io.containerd.snapshotter.v1
Aug 25 04:14:20 pranav-cluster-worker2 containerd[120]: time="2026-08-25T04:14:20.998156312Z" level=info msg="loading plugin" id=io.containerd.snapshotter.v1.native type=io.containerd.snapshotter.v1
Aug 25 04:14:20 pranav-cluster-worker2 containerd[120]: time="2026-08-25T04:14:20.998255560Z" level=info msg="loading plugin" id=io.containerd.snapshotter.v1.overlayfs type=io.containerd.snapshotter.v1
Aug 25 04:14:21 pranav-cluster-worker2 containerd[120]: time="2026-08-25T04:14:21.000033652Z" level=info msg="loading plugin" id=io.containerd.event.v1.exchange type=io.containerd.event.v1
Aug 25 04:14:21 pranav-cluster-worker2 containerd[120]: time="2026-08-25T04:14:21.000131350Z" level=info msg="loading plugin" id=io.containerd.monitor.task.v1.cgroups type=io.containerd.monitor.task.v1
Aug 25 04:14:21 pranav-cluster-worker2 containerd[120]: time="2026-08-25T04:14:21.005646413Z" level=info msg="loading plugin" id=io.containerd.snapshotter.v1.fuse-overlayfs type=io.containerd.snapshotter.v1
Aug 25 04:14:21 pranav-cluster-worker2 containerd[120]: time="2026-08-25T04:14:21.005775411Z" level=info msg="loading plugin" id=io.containerd.metadata.v1.bolt type=io.containerd.metadata.v1
Aug 25 04:14:21 pranav-cluster-worker2 containerd[120]: time="2026-08-25T04:14:21.005821369Z" level=info msg="metadata content store policy set" policy=shared
Aug 25 04:14:21 pranav-cluster-worker2 containerd[120]: time="2026-08-25T04:14:21.015214230Z" level=info msg="loading plugin" id=io.containerd.gc.v1.scheduler type=io.containerd.gc.v1
Aug 25 04:14:21 pranav-cluster-worker2 containerd[120]: time="2026-08-25T04:14:21.018606425Z" level=info msg="loading plugin" id=io.containerd.nri.v1.nri type=io.containerd.nri.v1
Aug 25 04:14:21 pranav-cluster-worker2 containerd[120]: time="2026-08-25T04:14:21.018729199Z" level=info msg="built-in NRI default validator is disabled"
Aug 25 04:14:21 pranav-cluster-worker2 containerd[120]: time="2026-08-25T04:14:21.020473647Z" level=info msg="runtime interface created"
Aug 25 04:14:21 pranav-cluster-worker2 containerd[120]: time="2026-08-25T04:14:21.020810959Z" level=info msg="created NRI interface"
Aug 25 04:14:21 pranav-cluster-worker2 containerd[120]: time="2026-08-25T04:14:21.020867546Z" level=info msg="loading plugin" id=io.containerd.differ.v1.erofs type=io.containerd.differ.v1
Aug 25 04:14:21 pranav-cluster-worker2 containerd[120]: time="2026-08-25T04:14:21.024382217Z" level=info msg="skip loading plugin" error="failed to check mkfs.erofs availability: failed to run mkfs.erofs --help: exec: \"mkfs.erofs\": executable file not found in $PATH: skip plugin" id=io.containerd.differ.v1.erofs type=io.containerd.differ.v1
Aug 25 04:14:21 pranav-cluster-worker2 containerd[120]: time="2026-08-25T04:14:21.024557150Z" level=info msg="loading plugin" id=io.containerd.differ.v1.walking type=io.containerd.differ.v1
Aug 25 04:14:21 pranav-cluster-worker2 containerd[120]: time="2026-08-25T04:14:21.024596787Z" level=info msg="loading plugin" id=io.containerd.lease.v1.manager type=io.containerd.lease.v1
Aug 25 04:14:21 pranav-cluster-worker2 containerd[120]: time="2026-08-25T04:14:21.024614717Z" level=info msg="loading plugin" id=io.containerd.mount-manager.v1.bolt type=io.containerd.mount-manager.v1
Aug 25 04:14:21 pranav-cluster-worker2 containerd[120]: time="2026-08-25T04:14:21.026457491Z" level=info msg="loading plugin" id=io.containerd.service.v1.containers-service type=io.containerd.service.v1
Aug 25 04:14:21 pranav-cluster-worker2 containerd[120]: time="2026-08-25T04:14:21.027492916Z" level=info msg="loading plugin" id=io.containerd.service.v1.content-service type=io.containerd.service.v1
Aug 25 04:14:21 pranav-cluster-worker2 containerd[120]: time="2026-08-25T04:14:21.027598232Z" level=info msg="loading plugin" id=io.containerd.service.v1.diff-service type=io.containerd.service.v1
Aug 25 04:14:21 pranav-cluster-worker2 containerd[120]: time="2026-08-25T04:14:21.027632565Z" level=info msg="loading plugin" id=io.containerd.service.v1.images-service type=io.containerd.service.v1
Aug 25 04:14:21 pranav-cluster-worker2 containerd[120]: time="2026-08-25T04:14:21.027649565Z" level=info msg="loading plugin" id=io.containerd.service.v1.introspection-service type=io.containerd.service.v1
Aug 25 04:14:21 pranav-cluster-worker2 containerd[120]: time="2026-08-25T04:14:21.027661209Z" level=info msg="loading plugin" id=io.containerd.service.v1.namespaces-service type=io.containerd.service.v1
Aug 25 04:14:21 pranav-cluster-worker2 containerd[120]: time="2026-08-25T04:14:21.027673206Z" level=info msg="loading plugin" id=io.containerd.service.v1.snapshots-service type=io.containerd.service.v1
Aug 25 04:14:21 pranav-cluster-worker2 containerd[120]: time="2026-08-25T04:14:21.027682678Z" level=info msg="loading plugin" id=io.containerd.shim.v1.manager type=io.containerd.shim.v1
Aug 25 04:14:21 pranav-cluster-worker2 containerd[120]: time="2026-08-25T04:14:21.027694789Z" level=info msg="loading plugin" id=io.containerd.runtime.v2.task type=io.containerd.runtime.v2
Aug 25 04:14:21 pranav-cluster-worker2 containerd[120]: time="2026-08-25T04:14:21.027770630Z" level=info msg="loading plugin" id=io.containerd.service.v1.tasks-service type=io.containerd.service.v1
Aug 25 04:14:21 pranav-cluster-worker2 containerd[120]: time="2026-08-25T04:14:21.027809681Z" level=info msg="loading plugin" id=io.containerd.grpc.v1.containers type=io.containerd.grpc.v1
Aug 25 04:14:21 pranav-cluster-worker2 containerd[120]: time="2026-08-25T04:14:21.027830552Z" level=info msg="loading plugin" id=io.containerd.grpc.v1.content type=io.containerd.grpc.v1
Aug 25 04:14:21 pranav-cluster-worker2 containerd[120]: time="2026-08-25T04:14:21.027864828Z" level=info msg="loading plugin" id=io.containerd.grpc.v1.diff type=io.containerd.grpc.v1
Aug 25 04:14:21 pranav-cluster-worker2 containerd[120]: time="2026-08-25T04:14:21.027878125Z" level=info msg="loading plugin" id=io.containerd.grpc.v1.events type=io.containerd.grpc.v1
Aug 25 04:14:21 pranav-cluster-worker2 containerd[120]: time="2026-08-25T04:14:21.027891048Z" level=info msg="loading plugin" id=io.containerd.grpc.v1.images type=io.containerd.grpc.v1
Aug 25 04:14:21 pranav-cluster-worker2 containerd[120]: time="2026-08-25T04:14:21.027903960Z" level=info msg="loading plugin" id=io.containerd.grpc.v1.introspection type=io.containerd.grpc.v1
Aug 25 04:14:21 pranav-cluster-worker2 containerd[120]: time="2026-08-25T04:14:21.027915923Z" level=info msg="loading plugin" id=io.containerd.grpc.v1.leases type=io.containerd.grpc.v1
Aug 25 04:14:21 pranav-cluster-worker2 containerd[120]: time="2026-08-25T04:14:21.027928588Z" level=info msg="loading plugin" id=io.containerd.grpc.v1.mounts type=io.containerd.grpc.v1
Aug 25 04:14:21 pranav-cluster-worker2 containerd[120]: time="2026-08-25T04:14:21.027946569Z" level=info msg="loading plugin" id=io.containerd.grpc.v1.namespaces type=io.containerd.grpc.v1
Aug 25 04:14:21 pranav-cluster-worker2 containerd[120]: time="2026-08-25T04:14:21.027964138Z" level=info msg="loading plugin" id=io.containerd.sandbox.store.v1.local type=io.containerd.sandbox.store.v1
Aug 25 04:14:21 pranav-cluster-worker2 containerd[120]: time="2026-08-25T04:14:21.027977958Z" level=info msg="loading plugin" id=io.containerd.transfer.v1.local type=io.containerd.transfer.v1
Aug 25 04:14:21 pranav-cluster-worker2 containerd[120]: time="2026-08-25T04:14:21.028027272Z" level=info msg="loading plugin" id=io.containerd.cri.v1.images type=io.containerd.cri.v1
Aug 25 04:14:21 pranav-cluster-worker2 containerd[120]: time="2026-08-25T04:14:21.028109958Z" level=warning msg="Found 'DiscardUnpackedLayers' in CRI config which is incompatible with transfer service (not supported with transfer service). Falling back to local image pull mode."
Aug 25 04:14:21 pranav-cluster-worker2 containerd[120]: time="2026-08-25T04:14:21.028167176Z" level=info msg="Get image filesystem path \"/var/lib/containerd/io.containerd.snapshotter.v1.overlayfs\" for snapshotter \"overlayfs\""
Aug 25 04:14:21 pranav-cluster-worker2 containerd[120]: time="2026-08-25T04:14:21.028182479Z" level=info msg="Start snapshots syncer"
Aug 25 04:14:21 pranav-cluster-worker2 containerd[120]: time="2026-08-25T04:14:21.029758457Z" level=info msg="loading plugin" id=io.containerd.cri.v1.runtime type=io.containerd.cri.v1
Aug 25 04:14:21 pranav-cluster-worker2 containerd[120]: time="2026-08-25T04:14:21.030405573Z" level=warning msg="Ignoring unknown key in TOML for plugin" error="strict mode: fields in the document are missing in the target struct" key=tolerate_missing_hugepages_controller plugin=io.containerd.cri.v1.runtime
Aug 25 04:14:21 pranav-cluster-worker2 containerd[120]: time="2026-08-25T04:14:21.031012652Z" level=info msg="starting cri plugin" config="{\"containerd\":{\"defaultRuntimeName\":\"runc\",\"runtimes\":{\"runc\":{\"runtimeType\":\"io.containerd.runc.v2\",\"runtimePath\":\"\",\"PodAnnotations\":null,\"ContainerAnnotations\":null,\"options\":{\"BinaryName\":\"\",\"CriuImagePath\":\"\",\"CriuWorkPath\":\"\",\"IoGid\":0,\"IoUid\":0,\"NoNewKeyring\":false,\"Root\":\"\",\"ShimCgroup\":\"\",\"SystemdCgroup\":true},\"privileged_without_host_devices\":false,\"privileged_without_host_devices_all_devices_allowed\":false,\"cgroupWritable\":false,\"baseRuntimeSpec\":\"/etc/containerd/cri-base.json\",\"cniConfDir\":\"\",\"cniMaxConfNum\":0,\"snapshotter\":\"\",\"sandboxer\":\"podsandbox\",\"io_type\":\"\"},\"test-handler\":{\"runtimeType\":\"io.containerd.runc.v2\",\"runtimePath\":\"\",\"PodAnnotations\":null,\"ContainerAnnotations\":null,\"options\":{\"SystemdCgroup\":true},\"privileged_without_host_devices\":false,\"privileged_without_host_devices_all_devices_allowed\":false,\"cgroupWritable\":false,\"baseRuntimeSpec\":\"/etc/containerd/cri-base.json\",\"cniConfDir\":\"\",\"cniMaxConfNum\":0,\"snapshotter\":\"\",\"sandboxer\":\"podsandbox\",\"io_type\":\"\"}},\"ignoreBlockIONotEnabledErrors\":false,\"ignoreRdtNotEnabledErrors\":false},\"cni\":{\"binDir\":\"\",\"binDirs\":[\"/opt/cni/bin\"],\"confDir\":\"/etc/cni/net.d\",\"maxConfNum\":1,\"setupSerially\":false,\"confTemplate\":\"\",\"ipPref\":\"\",\"useInternalLoopback\":false},\"enableSelinux\":false,\"selinuxCategoryRange\":1024,\"maxContainerLogLineSize\":16384,\"disableApparmor\":false,\"restrictOOMScoreAdj\":false,\"disableProcMount\":false,\"unsetSeccompProfile\":\"\",\"tolerateMissingHugetlbController\":true,\"disableHugetlbController\":true,\"device_ownership_from_security_context\":false,\"ignoreImageDefinedVolumes\":false,\"netnsMountsUnderStateDir\":false,\"enableUnprivilegedPorts\":true,\"enableUnprivilegedICMP\":true,\"enableCDI\":true,\"cdiSpecDirs\":[\"/etc/cdi\",\"/var/run/cdi\"],\"drainExecSyncIOTimeout\":\"0s\",\"ignoreDeprecationWarnings\":null,\"containerdRootDir\":\"/var/lib/containerd\",\"containerdEndpoint\":\"/run/containerd/containerd.sock\",\"rootDir\":\"/var/lib/containerd/io.containerd.grpc.v1.cri\",\"stateDir\":\"/run/containerd/io.containerd.grpc.v1.cri\"}"
Aug 25 04:14:21 pranav-cluster-worker2 containerd[120]: time="2026-08-25T04:14:21.032945638Z" level=info msg="loading plugin" id=io.containerd.podsandbox.controller.v1.podsandbox type=io.containerd.podsandbox.controller.v1
Aug 25 04:14:21 pranav-cluster-worker2 containerd[120]: time="2026-08-25T04:14:21.033046875Z" level=info msg="loading plugin" id=io.containerd.sandbox.controller.v1.shim type=io.containerd.sandbox.controller.v1
Aug 25 04:14:21 pranav-cluster-worker2 containerd[120]: time="2026-08-25T04:14:21.033147964Z" level=info msg="loading plugin" id=io.containerd.grpc.v1.sandbox-controllers type=io.containerd.grpc.v1
Aug 25 04:14:21 pranav-cluster-worker2 containerd[120]: time="2026-08-25T04:14:21.033175435Z" level=info msg="loading plugin" id=io.containerd.grpc.v1.sandboxes type=io.containerd.grpc.v1
Aug 25 04:14:21 pranav-cluster-worker2 containerd[120]: time="2026-08-25T04:14:21.033190440Z" level=info msg="loading plugin" id=io.containerd.grpc.v1.snapshots type=io.containerd.grpc.v1
Aug 25 04:14:21 pranav-cluster-worker2 containerd[120]: time="2026-08-25T04:14:21.033227187Z" level=info msg="loading plugin" id=io.containerd.streaming.v1.manager type=io.containerd.streaming.v1
Aug 25 04:14:21 pranav-cluster-worker2 containerd[120]: time="2026-08-25T04:14:21.033248340Z" level=info msg="loading plugin" id=io.containerd.grpc.v1.streaming type=io.containerd.grpc.v1
Aug 25 04:14:21 pranav-cluster-worker2 containerd[120]: time="2026-08-25T04:14:21.033260548Z" level=info msg="loading plugin" id=io.containerd.grpc.v1.tasks type=io.containerd.grpc.v1
Aug 25 04:14:21 pranav-cluster-worker2 containerd[120]: time="2026-08-25T04:14:21.033272562Z" level=info msg="loading plugin" id=io.containerd.grpc.v1.transfer type=io.containerd.grpc.v1
Aug 25 04:14:21 pranav-cluster-worker2 containerd[120]: time="2026-08-25T04:14:21.033375093Z" level=info msg="loading plugin" id=io.containerd.grpc.v1.version type=io.containerd.grpc.v1
Aug 25 04:14:21 pranav-cluster-worker2 containerd[120]: time="2026-08-25T04:14:21.033394284Z" level=info msg="loading plugin" id=io.containerd.monitor.container.v1.restart type=io.containerd.monitor.container.v1
Aug 25 04:14:21 pranav-cluster-worker2 containerd[120]: time="2026-08-25T04:14:21.033767228Z" level=info msg="loading plugin" id=io.containerd.tracing.processor.v1.otlp type=io.containerd.tracing.processor.v1
Aug 25 04:14:21 pranav-cluster-worker2 containerd[120]: time="2026-08-25T04:14:21.033811508Z" level=info msg="skip loading plugin" error="skip plugin: tracing endpoint not configured" id=io.containerd.tracing.processor.v1.otlp type=io.containerd.tracing.processor.v1
Aug 25 04:14:21 pranav-cluster-worker2 containerd[120]: time="2026-08-25T04:14:21.033826866Z" level=info msg="loading plugin" id=io.containerd.internal.v1.tracing type=io.containerd.internal.v1
Aug 25 04:14:21 pranav-cluster-worker2 containerd[120]: time="2026-08-25T04:14:21.033856751Z" level=info msg="skip loading plugin" error="skip plugin: tracing endpoint not configured" id=io.containerd.internal.v1.tracing type=io.containerd.internal.v1
Aug 25 04:14:21 pranav-cluster-worker2 containerd[120]: time="2026-08-25T04:14:21.033868869Z" level=info msg="loading plugin" id=io.containerd.ttrpc.v1.otelttrpc type=io.containerd.ttrpc.v1
Aug 25 04:14:21 pranav-cluster-worker2 containerd[120]: time="2026-08-25T04:14:21.033880090Z" level=info msg="loading plugin" id=io.containerd.grpc.v1.healthcheck type=io.containerd.grpc.v1
Aug 25 04:14:21 pranav-cluster-worker2 containerd[120]: time="2026-08-25T04:14:21.033892704Z" level=info msg="loading plugin" id=io.containerd.grpc.v1.cri type=io.containerd.grpc.v1
Aug 25 04:14:21 pranav-cluster-worker2 containerd[120]: time="2026-08-25T04:14:21.033921486Z" level=info msg="Connect containerd service"
Aug 25 04:14:21 pranav-cluster-worker2 containerd[120]: time="2026-08-25T04:14:21.033968168Z" level=info msg="using experimental NRI integration - disable nri plugin to prevent this"
Aug 25 04:14:21 pranav-cluster-worker2 containerd[120]: time="2026-08-25T04:14:21.108249355Z" level=info msg="Start subscribing containerd event"
Aug 25 04:14:21 pranav-cluster-worker2 containerd[120]: time="2026-08-25T04:14:21.109248468Z" level=info msg="Start recovering state"
Aug 25 04:14:21 pranav-cluster-worker2 containerd[120]: time="2026-08-25T04:14:21.109907339Z" level=info msg=serving... address=/run/containerd/containerd.sock.ttrpc
Aug 25 04:14:21 pranav-cluster-worker2 containerd[120]: time="2026-08-25T04:14:21.112225171Z" level=info msg=serving... address=/run/containerd/containerd.sock
Aug 25 04:14:21 pranav-cluster-worker2 containerd[120]: time="2026-08-25T04:14:21.280333968Z" level=warning msg="The image registry.k8s.io/kube-scheduler:v1.35.0 is not unpacked."
Aug 25 04:14:21 pranav-cluster-worker2 containerd[120]: time="2026-08-25T04:14:21.283157222Z" level=warning msg="The image sha256:aa5e3ebc0dfed0566805186b9e47110d8f9122291d8bad1497e78873ad291139 is not unpacked."
Aug 25 04:14:21 pranav-cluster-worker2 containerd[120]: time="2026-08-25T04:14:21.284388125Z" level=warning msg="The image sha256:550794e3b12ac21ec7fd940bdfb45f7c8dae3c52acd8c70e580b882de20c3dcc is not unpacked."
Aug 25 04:14:21 pranav-cluster-worker2 containerd[120]: time="2026-08-25T04:14:21.286702801Z" level=warning msg="The image docker.io/kindest/local-path-provisioner:v20251212-v0.29.0-alpha-105-g20ccfc88 is not unpacked."
Aug 25 04:14:21 pranav-cluster-worker2 containerd[120]: time="2026-08-25T04:14:21.286794925Z" level=warning msg="The image sha256:5c6acd67e9cd10eb60a246cd233db251ef62ea97e6572f897e873f0cb648f499 is not unpacked."
Aug 25 04:14:21 pranav-cluster-worker2 containerd[120]: time="2026-08-25T04:14:21.287242453Z" level=warning msg="The image sha256:65232e320e58be04174ff3748f9f317c23e505e33cf26d398feaea1c2584881c is not unpacked."
Aug 25 04:14:21 pranav-cluster-worker2 containerd[120]: time="2026-08-25T04:14:21.288614398Z" level=warning msg="The image docker.io/kindest/local-path-helper:v20251211-v0.29.0-alpha-100-g82a92c5d is not unpacked."
Aug 25 04:14:21 pranav-cluster-worker2 containerd[120]: time="2026-08-25T04:14:21.306002235Z" level=warning msg="The image sha256:0a108f7189562e99793bdecab61fdf1a7c9d913af3385de9da17fb9d6ff430e2 is not unpacked."
Aug 25 04:14:21 pranav-cluster-worker2 containerd[120]: time="2026-08-25T04:14:21.308951664Z" level=warning msg="The image registry.k8s.io/kube-controller-manager-amd64:v1.35.0 is not unpacked."
Aug 25 04:14:21 pranav-cluster-worker2 containerd[120]: time="2026-08-25T04:14:21.310774985Z" level=warning msg="The image sha256:2c9a4b058bd7e6ec479c38f9e8a1dac2f5ee5b0a3ebda6dfac968e8720229508 is not unpacked."
Aug 25 04:14:21 pranav-cluster-worker2 containerd[120]: time="2026-08-25T04:14:21.314083991Z" level=warning msg="The image registry.k8s.io/etcd:3.6.6-0 is not unpacked."
Aug 25 04:14:21 pranav-cluster-worker2 containerd[120]: time="2026-08-25T04:14:21.306831067Z" level=warning msg="The image registry.k8s.io/kube-apiserver:v1.35.0 is not unpacked."
Aug 25 04:14:21 pranav-cluster-worker2 containerd[120]: time="2026-08-25T04:14:21.315040947Z" level=warning msg="The image registry.k8s.io/coredns/coredns:v1.13.1 is not unpacked."
Aug 25 04:14:21 pranav-cluster-worker2 containerd[120]: time="2026-08-25T04:14:21.315086524Z" level=warning msg="The image registry.k8s.io/kube-scheduler-amd64:v1.35.0 is not unpacked."
Aug 25 04:14:21 pranav-cluster-worker2 containerd[120]: time="2026-08-25T04:14:21.317803294Z" level=warning msg="The image registry.k8s.io/kube-apiserver-amd64:v1.35.0 is not unpacked."
Aug 25 04:14:21 pranav-cluster-worker2 containerd[120]: time="2026-08-25T04:14:21.319141612Z" level=warning msg="The image sha256:2e560e8db0b1082acf56d26e666ebb2d2b3a0e228a47771f84bca379f4fbfb97 is not unpacked."
Aug 25 04:14:21 pranav-cluster-worker2 containerd[120]: time="2026-08-25T04:14:21.319421644Z" level=warning msg="The image registry.k8s.io/kube-controller-manager:v1.35.0 is not unpacked."
Aug 25 04:14:21 pranav-cluster-worker2 containerd[120]: time="2026-08-25T04:14:21.413486340Z" level=info msg="Start event monitor"
Aug 25 04:14:21 pranav-cluster-worker2 containerd[120]: time="2026-08-25T04:14:21.413638206Z" level=info msg="Start cni network conf syncer for default"
Aug 25 04:14:21 pranav-cluster-worker2 containerd[120]: time="2026-08-25T04:14:21.413657321Z" level=info msg="Start streaming server"
Aug 25 04:14:21 pranav-cluster-worker2 containerd[120]: time="2026-08-25T04:14:21.413670431Z" level=info msg="Registered namespace \"k8s.io\" with NRI"
Aug 25 04:14:21 pranav-cluster-worker2 containerd[120]: time="2026-08-25T04:14:21.413679423Z" level=info msg="runtime interface starting up..."
Aug 25 04:14:21 pranav-cluster-worker2 containerd[120]: time="2026-08-25T04:14:21.413686395Z" level=info msg="starting plugins..."
Aug 25 04:14:21 pranav-cluster-worker2 containerd[120]: time="2026-08-25T04:14:21.413706288Z" level=info msg="Synchronizing NRI (plugin) with current runtime state"
Aug 25 04:14:21 pranav-cluster-worker2 containerd[120]: time="2026-08-25T04:14:21.419734022Z" level=info msg="containerd successfully booted in 0.491572s"
Aug 25 04:14:21 pranav-cluster-worker2 systemd[1]: Started containerd.service - containerd container runtime.
