Aug 25 04:14:21 pranav-cluster-control-plane systemd[1]: Starting containerd.service - containerd container runtime...
Aug 25 04:14:21 pranav-cluster-control-plane containerd[131]: time="2026-08-25T04:14:21.482057237Z" level=info msg="starting containerd" revision=1c4457e00facac03ce1d75f7b6777a7a851e5c41 version=v2.2.0
Aug 25 04:14:21 pranav-cluster-control-plane containerd[131]: time="2026-08-25T04:14:21.493731482Z" level=warning msg="Configuration migrated from version 2, use `containerd config migrate` to avoid migration" t="13.581µs"
Aug 25 04:14:21 pranav-cluster-control-plane containerd[131]: time="2026-08-25T04:14:21.493776538Z" level=info msg="loading plugin" id=io.containerd.content.v1.content type=io.containerd.content.v1
Aug 25 04:14:21 pranav-cluster-control-plane containerd[131]: time="2026-08-25T04:14:21.494152191Z" level=info msg="loading plugin" id=io.containerd.image-verifier.v1.bindir type=io.containerd.image-verifier.v1
Aug 25 04:14:21 pranav-cluster-control-plane containerd[131]: time="2026-08-25T04:14:21.494181159Z" level=info msg="loading plugin" id=io.containerd.internal.v1.opt type=io.containerd.internal.v1
Aug 25 04:14:21 pranav-cluster-control-plane containerd[131]: time="2026-08-25T04:14:21.494255609Z" level=info msg="loading plugin" id=io.containerd.warning.v1.deprecations type=io.containerd.warning.v1
Aug 25 04:14:21 pranav-cluster-control-plane containerd[131]: time="2026-08-25T04:14:21.494276608Z" level=info msg="loading plugin" id=io.containerd.mount-handler.v1.erofs type=io.containerd.mount-handler.v1
Aug 25 04:14:21 pranav-cluster-control-plane containerd[131]: time="2026-08-25T04:14:21.494304605Z" level=info msg="loading plugin" id=io.containerd.snapshotter.v1.blockfile type=io.containerd.snapshotter.v1
Aug 25 04:14:21 pranav-cluster-control-plane containerd[131]: time="2026-08-25T04:14:21.494330498Z" level=info msg="skip loading plugin" error="no scratch file generator: skip plugin" id=io.containerd.snapshotter.v1.blockfile type=io.containerd.snapshotter.v1
Aug 25 04:14:21 pranav-cluster-control-plane containerd[131]: time="2026-08-25T04:14:21.494341230Z" level=info msg="loading plugin" id=io.containerd.snapshotter.v1.erofs type=io.containerd.snapshotter.v1
Aug 25 04:14:21 pranav-cluster-control-plane containerd[131]: time="2026-08-25T04:14:21.494443174Z" level=info msg="loading plugin" id=io.containerd.snapshotter.v1.native type=io.containerd.snapshotter.v1
Aug 25 04:14:21 pranav-cluster-control-plane containerd[131]: time="2026-08-25T04:14:21.494471480Z" level=info msg="loading plugin" id=io.containerd.snapshotter.v1.overlayfs type=io.containerd.snapshotter.v1
Aug 25 04:14:21 pranav-cluster-control-plane containerd[131]: time="2026-08-25T04:14:21.494581681Z" level=info msg="loading plugin" id=io.containerd.event.v1.exchange type=io.containerd.event.v1
Aug 25 04:14:21 pranav-cluster-control-plane containerd[131]: time="2026-08-25T04:14:21.494621860Z" level=info msg="loading plugin" id=io.containerd.monitor.task.v1.cgroups type=io.containerd.monitor.task.v1
Aug 25 04:14:21 pranav-cluster-control-plane containerd[131]: time="2026-08-25T04:14:21.494869181Z" level=info msg="loading plugin" id=io.containerd.snapshotter.v1.fuse-overlayfs type=io.containerd.snapshotter.v1
Aug 25 04:14:21 pranav-cluster-control-plane containerd[131]: time="2026-08-25T04:14:21.494955638Z" level=info msg="loading plugin" id=io.containerd.metadata.v1.bolt type=io.containerd.metadata.v1
Aug 25 04:14:21 pranav-cluster-control-plane containerd[131]: time="2026-08-25T04:14:21.494985274Z" level=info msg="metadata content store policy set" policy=shared
Aug 25 04:14:21 pranav-cluster-control-plane containerd[131]: time="2026-08-25T04:14:21.496235270Z" level=info msg="loading plugin" id=io.containerd.gc.v1.scheduler type=io.containerd.gc.v1
Aug 25 04:14:21 pranav-cluster-control-plane containerd[131]: time="2026-08-25T04:14:21.496311408Z" level=info msg="loading plugin" id=io.containerd.nri.v1.nri type=io.containerd.nri.v1
Aug 25 04:14:21 pranav-cluster-control-plane containerd[131]: time="2026-08-25T04:14:21.496348947Z" level=info msg="built-in NRI default validator is disabled"
Aug 25 04:14:21 pranav-cluster-control-plane containerd[131]: time="2026-08-25T04:14:21.496357808Z" level=info msg="runtime interface created"
Aug 25 04:14:21 pranav-cluster-control-plane containerd[131]: time="2026-08-25T04:14:21.496363562Z" level=info msg="created NRI interface"
Aug 25 04:14:21 pranav-cluster-control-plane containerd[131]: time="2026-08-25T04:14:21.496380083Z" level=info msg="loading plugin" id=io.containerd.differ.v1.erofs type=io.containerd.differ.v1
Aug 25 04:14:21 pranav-cluster-control-plane containerd[131]: time="2026-08-25T04:14:21.496464481Z" level=info msg="skip loading plugin" error="failed to check mkfs.erofs availability: failed to run mkfs.erofs --help: exec: \"mkfs.erofs\": executable file not found in $PATH: skip plugin" id=io.containerd.differ.v1.erofs type=io.containerd.differ.v1
Aug 25 04:14:21 pranav-cluster-control-plane containerd[131]: time="2026-08-25T04:14:21.496478044Z" level=info msg="loading plugin" id=io.containerd.differ.v1.walking type=io.containerd.differ.v1
Aug 25 04:14:21 pranav-cluster-control-plane containerd[131]: time="2026-08-25T04:14:21.496491444Z" level=info msg="loading plugin" id=io.containerd.lease.v1.manager type=io.containerd.lease.v1
Aug 25 04:14:21 pranav-cluster-control-plane containerd[131]: time="2026-08-25T04:14:21.496524171Z" level=info msg="loading plugin" id=io.containerd.mount-manager.v1.bolt type=io.containerd.mount-manager.v1
Aug 25 04:14:21 pranav-cluster-control-plane containerd[131]: time="2026-08-25T04:14:21.496671681Z" level=info msg="loading plugin" id=io.containerd.service.v1.containers-service type=io.containerd.service.v1
Aug 25 04:14:21 pranav-cluster-control-plane containerd[131]: time="2026-08-25T04:14:21.496700812Z" level=info msg="loading plugin" id=io.containerd.service.v1.content-service type=io.containerd.service.v1
Aug 25 04:14:21 pranav-cluster-control-plane containerd[131]: time="2026-08-25T04:14:21.496716240Z" level=info msg="loading plugin" id=io.containerd.service.v1.diff-service type=io.containerd.service.v1
Aug 25 04:14:21 pranav-cluster-control-plane containerd[131]: time="2026-08-25T04:14:21.496732123Z" level=info msg="loading plugin" id=io.containerd.service.v1.images-service type=io.containerd.service.v1
Aug 25 04:14:21 pranav-cluster-control-plane containerd[131]: time="2026-08-25T04:14:21.496745152Z" level=info msg="loading plugin" id=io.containerd.service.v1.introspection-service type=io.containerd.service.v1
Aug 25 04:14:21 pranav-cluster-control-plane containerd[131]: time="2026-08-25T04:14:21.496755967Z" level=info msg="loading plugin" id=io.containerd.service.v1.namespaces-service type=io.containerd.service.v1
Aug 25 04:14:21 pranav-cluster-control-plane containerd[131]: time="2026-08-25T04:14:21.496767489Z" level=info msg="loading plugin" id=io.containerd.service.v1.snapshots-service type=io.containerd.service.v1
Aug 25 04:14:21 pranav-cluster-control-plane containerd[131]: time="2026-08-25T04:14:21.496778210Z" level=info msg="loading plugin" id=io.containerd.shim.v1.manager type=io.containerd.shim.v1
Aug 25 04:14:21 pranav-cluster-control-plane containerd[131]: time="2026-08-25T04:14:21.496791473Z" level=info msg="loading plugin" id=io.containerd.runtime.v2.task type=io.containerd.runtime.v2
Aug 25 04:14:21 pranav-cluster-control-plane containerd[131]: time="2026-08-25T04:14:21.496857959Z" level=info msg="loading plugin" id=io.containerd.service.v1.tasks-service type=io.containerd.service.v1
Aug 25 04:14:21 pranav-cluster-control-plane containerd[131]: time="2026-08-25T04:14:21.496876670Z" level=info msg="loading plugin" id=io.containerd.grpc.v1.containers type=io.containerd.grpc.v1
Aug 25 04:14:21 pranav-cluster-control-plane containerd[131]: time="2026-08-25T04:14:21.496888277Z" level=info msg="loading plugin" id=io.containerd.grpc.v1.content type=io.containerd.grpc.v1
Aug 25 04:14:21 pranav-cluster-control-plane containerd[131]: time="2026-08-25T04:14:21.496904551Z" level=info msg="loading plugin" id=io.containerd.grpc.v1.diff type=io.containerd.grpc.v1
Aug 25 04:14:21 pranav-cluster-control-plane containerd[131]: time="2026-08-25T04:14:21.496916904Z" level=info msg="loading plugin" id=io.containerd.grpc.v1.events type=io.containerd.grpc.v1
Aug 25 04:14:21 pranav-cluster-control-plane containerd[131]: time="2026-08-25T04:14:21.496928185Z" level=info msg="loading plugin" id=io.containerd.grpc.v1.images type=io.containerd.grpc.v1
Aug 25 04:14:21 pranav-cluster-control-plane containerd[131]: time="2026-08-25T04:14:21.496951593Z" level=info msg="loading plugin" id=io.containerd.grpc.v1.introspection type=io.containerd.grpc.v1
Aug 25 04:14:21 pranav-cluster-control-plane containerd[131]: time="2026-08-25T04:14:21.496965295Z" level=info msg="loading plugin" id=io.containerd.grpc.v1.leases type=io.containerd.grpc.v1
Aug 25 04:14:21 pranav-cluster-control-plane containerd[131]: time="2026-08-25T04:14:21.496979772Z" level=info msg="loading plugin" id=io.containerd.grpc.v1.mounts type=io.containerd.grpc.v1
Aug 25 04:14:21 pranav-cluster-control-plane containerd[131]: time="2026-08-25T04:14:21.496990763Z" level=info msg="loading plugin" id=io.containerd.grpc.v1.namespaces type=io.containerd.grpc.v1
Aug 25 04:14:21 pranav-cluster-control-plane containerd[131]: time="2026-08-25T04:14:21.497005200Z" level=info msg="loading plugin" id=io.containerd.sandbox.store.v1.local type=io.containerd.sandbox.store.v1
Aug 25 04:14:21 pranav-cluster-control-plane containerd[131]: time="2026-08-25T04:14:21.497015734Z" level=info msg="loading plugin" id=io.containerd.transfer.v1.local type=io.containerd.transfer.v1
Aug 25 04:14:21 pranav-cluster-control-plane containerd[131]: time="2026-08-25T04:14:21.497045355Z" level=info msg="loading plugin" id=io.containerd.cri.v1.images type=io.containerd.cri.v1
Aug 25 04:14:21 pranav-cluster-control-plane containerd[131]: time="2026-08-25T04:14:21.497102767Z" level=warning msg="Found 'DiscardUnpackedLayers' in CRI config which is incompatible with transfer service (not supported with transfer service). Falling back to local image pull mode."
Aug 25 04:14:21 pranav-cluster-control-plane containerd[131]: time="2026-08-25T04:14:21.497146072Z" level=info msg="Get image filesystem path \"/var/lib/containerd/io.containerd.snapshotter.v1.overlayfs\" for snapshotter \"overlayfs\""
Aug 25 04:14:21 pranav-cluster-control-plane containerd[131]: time="2026-08-25T04:14:21.497158817Z" level=info msg="Start snapshots syncer"
Aug 25 04:14:21 pranav-cluster-control-plane containerd[131]: time="2026-08-25T04:14:21.497175791Z" level=info msg="loading plugin" id=io.containerd.cri.v1.runtime type=io.containerd.cri.v1
Aug 25 04:14:21 pranav-cluster-control-plane containerd[131]: time="2026-08-25T04:14:21.497950069Z" level=warning msg="Ignoring unknown key in TOML for plugin" error="strict mode: fields in the document are missing in the target struct" key=tolerate_missing_hugepages_controller plugin=io.containerd.cri.v1.runtime
Aug 25 04:14:21 pranav-cluster-control-plane containerd[131]: time="2026-08-25T04:14:21.498220104Z" level=info msg="starting cri plugin" config="{\"containerd\":{\"defaultRuntimeName\":\"runc\",\"runtimes\":{\"runc\":{\"runtimeType\":\"io.containerd.runc.v2\",\"runtimePath\":\"\",\"PodAnnotations\":null,\"ContainerAnnotations\":null,\"options\":{\"BinaryName\":\"\",\"CriuImagePath\":\"\",\"CriuWorkPath\":\"\",\"IoGid\":0,\"IoUid\":0,\"NoNewKeyring\":false,\"Root\":\"\",\"ShimCgroup\":\"\",\"SystemdCgroup\":true},\"privileged_without_host_devices\":false,\"privileged_without_host_devices_all_devices_allowed\":false,\"cgroupWritable\":false,\"baseRuntimeSpec\":\"/etc/containerd/cri-base.json\",\"cniConfDir\":\"\",\"cniMaxConfNum\":0,\"snapshotter\":\"\",\"sandboxer\":\"podsandbox\",\"io_type\":\"\"},\"test-handler\":{\"runtimeType\":\"io.containerd.runc.v2\",\"runtimePath\":\"\",\"PodAnnotations\":null,\"ContainerAnnotations\":null,\"options\":{\"SystemdCgroup\":true},\"privileged_without_host_devices\":false,\"privileged_without_host_devices_all_devices_allowed\":false,\"cgroupWritable\":false,\"baseRuntimeSpec\":\"/etc/containerd/cri-base.json\",\"cniConfDir\":\"\",\"cniMaxConfNum\":0,\"snapshotter\":\"\",\"sandboxer\":\"podsandbox\",\"io_type\":\"\"}},\"ignoreBlockIONotEnabledErrors\":false,\"ignoreRdtNotEnabledErrors\":false},\"cni\":{\"binDir\":\"\",\"binDirs\":[\"/opt/cni/bin\"],\"confDir\":\"/etc/cni/net.d\",\"maxConfNum\":1,\"setupSerially\":false,\"confTemplate\":\"\",\"ipPref\":\"\",\"useInternalLoopback\":false},\"enableSelinux\":false,\"selinuxCategoryRange\":1024,\"maxContainerLogLineSize\":16384,\"disableApparmor\":false,\"restrictOOMScoreAdj\":false,\"disableProcMount\":false,\"unsetSeccompProfile\":\"\",\"tolerateMissingHugetlbController\":true,\"disableHugetlbController\":true,\"device_ownership_from_security_context\":false,\"ignoreImageDefinedVolumes\":false,\"netnsMountsUnderStateDir\":false,\"enableUnprivilegedPorts\":true,\"enableUnprivilegedICMP\":true,\"enableCDI\":true,\"cdiSpecDirs\":[\"/etc/cdi\",\"/var/run/cdi\"],\"drainExecSyncIOTimeout\":\"0s\",\"ignoreDeprecationWarnings\":null,\"containerdRootDir\":\"/var/lib/containerd\",\"containerdEndpoint\":\"/run/containerd/containerd.sock\",\"rootDir\":\"/var/lib/containerd/io.containerd.grpc.v1.cri\",\"stateDir\":\"/run/containerd/io.containerd.grpc.v1.cri\"}"
Aug 25 04:14:21 pranav-cluster-control-plane containerd[131]: time="2026-08-25T04:14:21.500191781Z" level=info msg="loading plugin" id=io.containerd.podsandbox.controller.v1.podsandbox type=io.containerd.podsandbox.controller.v1
Aug 25 04:14:21 pranav-cluster-control-plane containerd[131]: time="2026-08-25T04:14:21.500503223Z" level=info msg="loading plugin" id=io.containerd.sandbox.controller.v1.shim type=io.containerd.sandbox.controller.v1
Aug 25 04:14:21 pranav-cluster-control-plane containerd[131]: time="2026-08-25T04:14:21.500707254Z" level=info msg="loading plugin" id=io.containerd.grpc.v1.sandbox-controllers type=io.containerd.grpc.v1
Aug 25 04:14:21 pranav-cluster-control-plane containerd[131]: time="2026-08-25T04:14:21.500939595Z" level=info msg="loading plugin" id=io.containerd.grpc.v1.sandboxes type=io.containerd.grpc.v1
Aug 25 04:14:21 pranav-cluster-control-plane containerd[131]: time="2026-08-25T04:14:21.501079609Z" level=info msg="loading plugin" id=io.containerd.grpc.v1.snapshots type=io.containerd.grpc.v1
Aug 25 04:14:21 pranav-cluster-control-plane containerd[131]: time="2026-08-25T04:14:21.501153100Z" level=info msg="loading plugin" id=io.containerd.streaming.v1.manager type=io.containerd.streaming.v1
Aug 25 04:14:21 pranav-cluster-control-plane containerd[131]: time="2026-08-25T04:14:21.501214197Z" level=info msg="loading plugin" id=io.containerd.grpc.v1.streaming type=io.containerd.grpc.v1
Aug 25 04:14:21 pranav-cluster-control-plane containerd[131]: time="2026-08-25T04:14:21.501342192Z" level=info msg="loading plugin" id=io.containerd.grpc.v1.tasks type=io.containerd.grpc.v1
Aug 25 04:14:21 pranav-cluster-control-plane containerd[131]: time="2026-08-25T04:14:21.501840016Z" level=info msg="loading plugin" id=io.containerd.grpc.v1.transfer type=io.containerd.grpc.v1
Aug 25 04:14:21 pranav-cluster-control-plane containerd[131]: time="2026-08-25T04:14:21.501865957Z" level=info msg="loading plugin" id=io.containerd.grpc.v1.version type=io.containerd.grpc.v1
Aug 25 04:14:21 pranav-cluster-control-plane containerd[131]: time="2026-08-25T04:14:21.501882133Z" level=info msg="loading plugin" id=io.containerd.monitor.container.v1.restart type=io.containerd.monitor.container.v1
Aug 25 04:14:21 pranav-cluster-control-plane containerd[131]: time="2026-08-25T04:14:21.501926798Z" level=info msg="loading plugin" id=io.containerd.tracing.processor.v1.otlp type=io.containerd.tracing.processor.v1
Aug 25 04:14:21 pranav-cluster-control-plane containerd[131]: time="2026-08-25T04:14:21.501944276Z" level=info msg="skip loading plugin" error="skip plugin: tracing endpoint not configured" id=io.containerd.tracing.processor.v1.otlp type=io.containerd.tracing.processor.v1
Aug 25 04:14:21 pranav-cluster-control-plane containerd[131]: time="2026-08-25T04:14:21.501955220Z" level=info msg="loading plugin" id=io.containerd.internal.v1.tracing type=io.containerd.internal.v1
Aug 25 04:14:21 pranav-cluster-control-plane containerd[131]: time="2026-08-25T04:14:21.501967414Z" level=info msg="skip loading plugin" error="skip plugin: tracing endpoint not configured" id=io.containerd.internal.v1.tracing type=io.containerd.internal.v1
Aug 25 04:14:21 pranav-cluster-control-plane containerd[131]: time="2026-08-25T04:14:21.501975900Z" level=info msg="loading plugin" id=io.containerd.ttrpc.v1.otelttrpc type=io.containerd.ttrpc.v1
Aug 25 04:14:21 pranav-cluster-control-plane containerd[131]: time="2026-08-25T04:14:21.501986512Z" level=info msg="loading plugin" id=io.containerd.grpc.v1.healthcheck type=io.containerd.grpc.v1
Aug 25 04:14:21 pranav-cluster-control-plane containerd[131]: time="2026-08-25T04:14:21.501999468Z" level=info msg="loading plugin" id=io.containerd.grpc.v1.cri type=io.containerd.grpc.v1
Aug 25 04:14:21 pranav-cluster-control-plane containerd[131]: time="2026-08-25T04:14:21.502016668Z" level=info msg="Connect containerd service"
Aug 25 04:14:21 pranav-cluster-control-plane containerd[131]: time="2026-08-25T04:14:21.502045178Z" level=info msg="using experimental NRI integration - disable nri plugin to prevent this"
Aug 25 04:14:21 pranav-cluster-control-plane containerd[131]: time="2026-08-25T04:14:21.526764421Z" level=info msg=serving... address=/run/containerd/containerd.sock.ttrpc
Aug 25 04:14:21 pranav-cluster-control-plane containerd[131]: time="2026-08-25T04:14:21.526822907Z" level=info msg=serving... address=/run/containerd/containerd.sock
Aug 25 04:14:21 pranav-cluster-control-plane containerd[131]: time="2026-08-25T04:14:21.527387464Z" level=info msg="Start subscribing containerd event"
Aug 25 04:14:21 pranav-cluster-control-plane containerd[131]: time="2026-08-25T04:14:21.527435204Z" level=info msg="Start recovering state"
Aug 25 04:14:21 pranav-cluster-control-plane containerd[131]: time="2026-08-25T04:14:21.619713278Z" level=warning msg="The image docker.io/kindest/local-path-helper:v20251211-v0.29.0-alpha-100-g82a92c5d is not unpacked."
Aug 25 04:14:21 pranav-cluster-control-plane containerd[131]: time="2026-08-25T04:14:21.629193610Z" level=warning msg="The image sha256:2e560e8db0b1082acf56d26e666ebb2d2b3a0e228a47771f84bca379f4fbfb97 is not unpacked."
Aug 25 04:14:21 pranav-cluster-control-plane containerd[131]: time="2026-08-25T04:14:21.643459557Z" level=info msg="Start event monitor"
Aug 25 04:14:21 pranav-cluster-control-plane containerd[131]: time="2026-08-25T04:14:21.643507112Z" level=info msg="Start cni network conf syncer for default"
Aug 25 04:14:21 pranav-cluster-control-plane containerd[131]: time="2026-08-25T04:14:21.643518241Z" level=info msg="Start streaming server"
Aug 25 04:14:21 pranav-cluster-control-plane containerd[131]: time="2026-08-25T04:14:21.643526041Z" level=info msg="Registered namespace \"k8s.io\" with NRI"
Aug 25 04:14:21 pranav-cluster-control-plane containerd[131]: time="2026-08-25T04:14:21.643533230Z" level=info msg="runtime interface starting up..."
Aug 25 04:14:21 pranav-cluster-control-plane containerd[131]: time="2026-08-25T04:14:21.643538369Z" level=info msg="starting plugins..."
Aug 25 04:14:21 pranav-cluster-control-plane containerd[131]: time="2026-08-25T04:14:21.643558120Z" level=info msg="Synchronizing NRI (plugin) with current runtime state"
Aug 25 04:14:21 pranav-cluster-control-plane systemd[1]: Started containerd.service - containerd container runtime.
Aug 25 04:14:21 pranav-cluster-control-plane containerd[131]: time="2026-08-25T04:14:21.647729261Z" level=info msg="containerd successfully booted in 0.166211s"
Aug 25 04:14:22 pranav-cluster-control-plane containerd[131]: time="2026-08-25T04:14:22.843057261Z" level=info msg="RemoveContainer for \"7587d4415cda59782c2964401605a8003e4fdf1dcc025143d69c4df969dc5d48\""
Aug 25 04:14:22 pranav-cluster-control-plane containerd[131]: time="2026-08-25T04:14:22.966947988Z" level=info msg="RemoveContainer for \"7587d4415cda59782c2964401605a8003e4fdf1dcc025143d69c4df969dc5d48\" returns successfully"
Aug 25 04:14:22 pranav-cluster-control-plane containerd[131]: time="2026-08-25T04:14:22.975714851Z" level=error msg="ContainerStatus for \"7587d4415cda59782c2964401605a8003e4fdf1dcc025143d69c4df969dc5d48\" failed" error="rpc error: code = NotFound desc = an error occurred when try to find container \"7587d4415cda59782c2964401605a8003e4fdf1dcc025143d69c4df969dc5d48\": not found"
Aug 25 04:14:22 pranav-cluster-control-plane containerd[131]: time="2026-08-25T04:14:22.977360867Z" level=error msg="ContainerStatus for \"7587d4415cda59782c2964401605a8003e4fdf1dcc025143d69c4df969dc5d48\" failed" error="rpc error: code = NotFound desc = an error occurred when try to find container \"7587d4415cda59782c2964401605a8003e4fdf1dcc025143d69c4df969dc5d48\": not found"
Aug 25 04:14:22 pranav-cluster-control-plane containerd[131]: time="2026-08-25T04:14:22.983008834Z" level=info msg="RemoveContainer for \"f0579d272369bc54c5d34e29ef1a3fbb0eb57ec6a26edca6f27685dd64d79a9d\""
Aug 25 04:14:22 pranav-cluster-control-plane containerd[131]: time="2026-08-25T04:14:22.992710902Z" level=info msg="RemoveContainer for \"f0579d272369bc54c5d34e29ef1a3fbb0eb57ec6a26edca6f27685dd64d79a9d\""
Aug 25 04:14:22 pranav-cluster-control-plane containerd[131]: time="2026-08-25T04:14:22.993004669Z" level=error msg="RemoveContainer for \"f0579d272369bc54c5d34e29ef1a3fbb0eb57ec6a26edca6f27685dd64d79a9d\" failed" error="rpc error: code = Unknown desc = failed to set removing state for container \"f0579d272369bc54c5d34e29ef1a3fbb0eb57ec6a26edca6f27685dd64d79a9d\": container is already in removing state"
Aug 25 04:14:22 pranav-cluster-control-plane containerd[131]: time="2026-08-25T04:14:22.998579636Z" level=info msg="RemoveContainer for \"f0579d272369bc54c5d34e29ef1a3fbb0eb57ec6a26edca6f27685dd64d79a9d\""
Aug 25 04:14:22 pranav-cluster-control-plane containerd[131]: time="2026-08-25T04:14:22.998810444Z" level=error msg="RemoveContainer for \"f0579d272369bc54c5d34e29ef1a3fbb0eb57ec6a26edca6f27685dd64d79a9d\" failed" error="rpc error: code = Unknown desc = failed to set removing state for container \"f0579d272369bc54c5d34e29ef1a3fbb0eb57ec6a26edca6f27685dd64d79a9d\": container is already in removing state"
Aug 25 04:14:23 pranav-cluster-control-plane containerd[131]: time="2026-08-25T04:14:23.087001416Z" level=info msg="RemoveContainer for \"f0579d272369bc54c5d34e29ef1a3fbb0eb57ec6a26edca6f27685dd64d79a9d\" returns successfully"
Aug 25 04:14:23 pranav-cluster-control-plane containerd[131]: time="2026-08-25T04:14:23.088270924Z" level=info msg="StopPodSandbox for \"1b86e205a8d347dd36670dad935cf0baf266bb39a69332b6aef31e88e02a5eb4\""
Aug 25 04:14:23 pranav-cluster-control-plane containerd[131]: time="2026-08-25T04:14:23.089012077Z" level=info msg="TearDown network for sandbox \"1b86e205a8d347dd36670dad935cf0baf266bb39a69332b6aef31e88e02a5eb4\" successfully"
Aug 25 04:14:23 pranav-cluster-control-plane containerd[131]: time="2026-08-25T04:14:23.089101243Z" level=info msg="StopPodSandbox for \"1b86e205a8d347dd36670dad935cf0baf266bb39a69332b6aef31e88e02a5eb4\" returns successfully"
Aug 25 04:14:23 pranav-cluster-control-plane containerd[131]: time="2026-08-25T04:14:23.089852166Z" level=info msg="RemovePodSandbox for \"1b86e205a8d347dd36670dad935cf0baf266bb39a69332b6aef31e88e02a5eb4\""
Aug 25 04:14:23 pranav-cluster-control-plane containerd[131]: time="2026-08-25T04:14:23.089962464Z" level=info msg="Forcibly stopping sandbox \"1b86e205a8d347dd36670dad935cf0baf266bb39a69332b6aef31e88e02a5eb4\""
Aug 25 04:14:23 pranav-cluster-control-plane containerd[131]: time="2026-08-25T04:14:23.091473428Z" level=info msg="TearDown network for sandbox \"1b86e205a8d347dd36670dad935cf0baf266bb39a69332b6aef31e88e02a5eb4\" successfully"
Aug 25 04:14:23 pranav-cluster-control-plane containerd[131]: time="2026-08-25T04:14:23.148032464Z" level=info msg="Ensure that sandbox 1b86e205a8d347dd36670dad935cf0baf266bb39a69332b6aef31e88e02a5eb4 in task-service has been cleanup successfully"
Aug 25 04:14:23 pranav-cluster-control-plane containerd[131]: time="2026-08-25T04:14:23.288780177Z" level=info msg="StopPodSandbox for \"c3dcbc8fac62a15e4fce3bf3558a0f1dd97b1a745dd868d4c1c7531be65a9440\""
Aug 25 04:14:23 pranav-cluster-control-plane containerd[131]: time="2026-08-25T04:14:23.288876879Z" level=info msg="Container to stop \"f4303af3836e4ad9646d2572d78625a1a0ee4f4ee90605f90852dbd3b0e29802\" must be in running or unknown state, current state \"CONTAINER_EXITED\""
Aug 25 04:14:23 pranav-cluster-control-plane containerd[131]: time="2026-08-25T04:14:23.289197132Z" level=info msg="TearDown network for sandbox \"c3dcbc8fac62a15e4fce3bf3558a0f1dd97b1a745dd868d4c1c7531be65a9440\" successfully"
Aug 25 04:14:23 pranav-cluster-control-plane containerd[131]: time="2026-08-25T04:14:23.289249777Z" level=info msg="StopPodSandbox for \"c3dcbc8fac62a15e4fce3bf3558a0f1dd97b1a745dd868d4c1c7531be65a9440\" returns successfully"
Aug 25 04:14:23 pranav-cluster-control-plane containerd[131]: time="2026-08-25T04:14:23.294604466Z" level=info msg="RemovePodSandbox \"1b86e205a8d347dd36670dad935cf0baf266bb39a69332b6aef31e88e02a5eb4\" returns successfully"
Aug 25 04:14:23 pranav-cluster-control-plane containerd[131]: time="2026-08-25T04:14:23.295089007Z" level=info msg="StopPodSandbox for \"09694b1d88c5ba265000e5b00c701ce67e9d842945c5755fd50df84673d193b6\""
Aug 25 04:14:23 pranav-cluster-control-plane containerd[131]: time="2026-08-25T04:14:23.295497653Z" level=info msg="TearDown network for sandbox \"09694b1d88c5ba265000e5b00c701ce67e9d842945c5755fd50df84673d193b6\" successfully"
Aug 25 04:14:23 pranav-cluster-control-plane containerd[131]: time="2026-08-25T04:14:23.295534808Z" level=info msg="StopPodSandbox for \"09694b1d88c5ba265000e5b00c701ce67e9d842945c5755fd50df84673d193b6\" returns successfully"
Aug 25 04:14:23 pranav-cluster-control-plane containerd[131]: time="2026-08-25T04:14:23.295878737Z" level=info msg="RemovePodSandbox for \"09694b1d88c5ba265000e5b00c701ce67e9d842945c5755fd50df84673d193b6\""
Aug 25 04:14:23 pranav-cluster-control-plane containerd[131]: time="2026-08-25T04:14:23.295903942Z" level=info msg="Forcibly stopping sandbox \"09694b1d88c5ba265000e5b00c701ce67e9d842945c5755fd50df84673d193b6\""
Aug 25 04:14:23 pranav-cluster-control-plane containerd[131]: time="2026-08-25T04:14:23.296256553Z" level=info msg="TearDown network for sandbox \"09694b1d88c5ba265000e5b00c701ce67e9d842945c5755fd50df84673d193b6\" successfully"
Aug 25 04:14:23 pranav-cluster-control-plane containerd[131]: time="2026-08-25T04:14:23.296756721Z" level=info msg="StopPodSandbox for \"486020a00de763313dcc021a30c6a58da3a4bd5e02280b61f560c0f06467aa8c\""
Aug 25 04:14:23 pranav-cluster-control-plane containerd[131]: time="2026-08-25T04:14:23.296830504Z" level=info msg="Container to stop \"5c9f3d336f3fc1bca6dfaf3123429a7ffaeefa393657be28231f98626f6d7706\" must be in running or unknown state, current state \"CONTAINER_EXITED\""
Aug 25 04:14:23 pranav-cluster-control-plane containerd[131]: time="2026-08-25T04:14:23.297106080Z" level=info msg="TearDown network for sandbox \"486020a00de763313dcc021a30c6a58da3a4bd5e02280b61f560c0f06467aa8c\" successfully"
Aug 25 04:14:23 pranav-cluster-control-plane containerd[131]: time="2026-08-25T04:14:23.297146945Z" level=info msg="StopPodSandbox for \"486020a00de763313dcc021a30c6a58da3a4bd5e02280b61f560c0f06467aa8c\" returns successfully"
Aug 25 04:14:23 pranav-cluster-control-plane containerd[131]: time="2026-08-25T04:14:23.297562190Z" level=info msg="StopPodSandbox for \"1b86e205a8d347dd36670dad935cf0baf266bb39a69332b6aef31e88e02a5eb4\""
Aug 25 04:14:23 pranav-cluster-control-plane containerd[131]: time="2026-08-25T04:14:23.297594593Z" level=info msg="StopPodSandbox for \"1b86e205a8d347dd36670dad935cf0baf266bb39a69332b6aef31e88e02a5eb4\" returns successfully"
Aug 25 04:14:23 pranav-cluster-control-plane containerd[131]: time="2026-08-25T04:14:23.315936458Z" level=info msg="StopPodSandbox for \"b0d8a3ec3bc06992ee6f5b1421138f430c0393b7c3f26160b22c9cace8d16960\""
Aug 25 04:14:23 pranav-cluster-control-plane containerd[131]: time="2026-08-25T04:14:23.316050481Z" level=info msg="Container to stop \"c446275f4da1fd9db82a5fd4dc20aec593851d7490268ac75417b7b49d723e32\" must be in running or unknown state, current state \"CONTAINER_EXITED\""
Aug 25 04:14:23 pranav-cluster-control-plane containerd[131]: time="2026-08-25T04:14:23.316581694Z" level=info msg="TearDown network for sandbox \"b0d8a3ec3bc06992ee6f5b1421138f430c0393b7c3f26160b22c9cace8d16960\" successfully"
Aug 25 04:14:23 pranav-cluster-control-plane containerd[131]: time="2026-08-25T04:14:23.316639026Z" level=info msg="StopPodSandbox for \"b0d8a3ec3bc06992ee6f5b1421138f430c0393b7c3f26160b22c9cace8d16960\" returns successfully"
Aug 25 04:14:23 pranav-cluster-control-plane containerd[131]: time="2026-08-25T04:14:23.318770592Z" level=info msg="StopPodSandbox for \"2146c80c30879af4bb34b2e16f33543ed59b6ec76ca8afc361bde7351d61968f\""
Aug 25 04:14:23 pranav-cluster-control-plane containerd[131]: time="2026-08-25T04:14:23.318882965Z" level=info msg="Container to stop \"79dbccf884649c41a29bab4f6ca124ee0df2578780da27af1e2732d16eda0db8\" must be in running or unknown state, current state \"CONTAINER_EXITED\""
Aug 25 04:14:23 pranav-cluster-control-plane containerd[131]: time="2026-08-25T04:14:23.319271023Z" level=info msg="TearDown network for sandbox \"2146c80c30879af4bb34b2e16f33543ed59b6ec76ca8afc361bde7351d61968f\" successfully"
Aug 25 04:14:23 pranav-cluster-control-plane containerd[131]: time="2026-08-25T04:14:23.319384127Z" level=info msg="StopPodSandbox for \"2146c80c30879af4bb34b2e16f33543ed59b6ec76ca8afc361bde7351d61968f\" returns successfully"
Aug 25 04:14:23 pranav-cluster-control-plane containerd[131]: time="2026-08-25T04:14:23.319873152Z" level=info msg="StopPodSandbox for \"09694b1d88c5ba265000e5b00c701ce67e9d842945c5755fd50df84673d193b6\""
Aug 25 04:14:23 pranav-cluster-control-plane containerd[131]: time="2026-08-25T04:14:23.320523107Z" level=info msg="TearDown network for sandbox \"09694b1d88c5ba265000e5b00c701ce67e9d842945c5755fd50df84673d193b6\" successfully"
Aug 25 04:14:23 pranav-cluster-control-plane containerd[131]: time="2026-08-25T04:14:23.320576772Z" level=info msg="StopPodSandbox for \"09694b1d88c5ba265000e5b00c701ce67e9d842945c5755fd50df84673d193b6\" returns successfully"
Aug 25 04:14:23 pranav-cluster-control-plane containerd[131]: time="2026-08-25T04:14:23.382498605Z" level=info msg="RunPodSandbox for name:\"etcd-pranav-cluster-control-plane\"  uid:\"21530d6e753c4a005062919124ce6d08\"  namespace:\"kube-system\"  attempt:4"
Aug 25 04:14:23 pranav-cluster-control-plane containerd[131]: time="2026-08-25T04:14:23.405392143Z" level=info msg="Ensure that sandbox 09694b1d88c5ba265000e5b00c701ce67e9d842945c5755fd50df84673d193b6 in task-service has been cleanup successfully"
Aug 25 04:14:23 pranav-cluster-control-plane containerd[131]: time="2026-08-25T04:14:23.480137672Z" level=info msg="RunPodSandbox for name:\"kube-scheduler-pranav-cluster-control-plane\"  uid:\"3b83dff0d7c5136b53c91c8728b0fafe\"  namespace:\"kube-system\"  attempt:33"
Aug 25 04:14:23 pranav-cluster-control-plane containerd[131]: time="2026-08-25T04:14:23.578798206Z" level=info msg="RunPodSandbox for name:\"kube-controller-manager-pranav-cluster-control-plane\"  uid:\"7ee1ba03bb38c44a9b81c0a6cc72fdca\"  namespace:\"kube-system\"  attempt:33"
Aug 25 04:14:23 pranav-cluster-control-plane containerd[131]: time="2026-08-25T04:14:23.676577659Z" level=info msg="RunPodSandbox for name:\"kube-apiserver-pranav-cluster-control-plane\"  uid:\"f162245a8b45a65c9054254bd8552601\"  namespace:\"kube-system\"  attempt:4"
Aug 25 04:14:24 pranav-cluster-control-plane containerd[131]: time="2026-08-25T04:14:24.242267016Z" level=info msg="RemovePodSandbox \"09694b1d88c5ba265000e5b00c701ce67e9d842945c5755fd50df84673d193b6\" returns successfully"
Aug 25 04:14:25 pranav-cluster-control-plane containerd[131]: time="2026-08-25T04:14:25.108851738Z" level=info msg="connecting to shim 5d7ad66f0fb4de8deac4b2c3812e041c9247841cdfd26174d6747c6e7377248f" address="unix:///run/containerd/s/cad8cf03458cebe27ffa38d935b4e613cf952b5902e4ac4093036364a8cdd29d" namespace=k8s.io protocol=ttrpc version=3
Aug 25 04:14:25 pranav-cluster-control-plane containerd[131]: time="2026-08-25T04:14:25.204059884Z" level=info msg="connecting to shim 54dad963763bcc364e2532fe682da02df3a270db432cfd10653278bd5a410a28" address="unix:///run/containerd/s/10952334966e7c9476fdb060a5e1702d647530c40701936d9fbb7802e750b070" namespace=k8s.io protocol=ttrpc version=3
Aug 25 04:14:25 pranav-cluster-control-plane containerd[131]: time="2026-08-25T04:14:25.305682068Z" level=info msg="connecting to shim 506f55cf702ccbc47d97dcae4942414cb3185b46d8e05fec5dfb7e20de726b53" address="unix:///run/containerd/s/7b23c7c1abe351cbf39a2dca4d41cf12a34309e4e8d8be9dd2ba7c6e29c06081" namespace=k8s.io protocol=ttrpc version=3
Aug 25 04:14:25 pranav-cluster-control-plane containerd[131]: time="2026-08-25T04:14:25.493980828Z" level=info msg="RunPodSandbox for name:\"etcd-pranav-cluster-control-plane\"  uid:\"21530d6e753c4a005062919124ce6d08\"  namespace:\"kube-system\"  attempt:4 returns sandbox id \"5d7ad66f0fb4de8deac4b2c3812e041c9247841cdfd26174d6747c6e7377248f\""
Aug 25 04:14:25 pranav-cluster-control-plane containerd[131]: time="2026-08-25T04:14:25.500090531Z" level=info msg="CreateContainer within sandbox \"5d7ad66f0fb4de8deac4b2c3812e041c9247841cdfd26174d6747c6e7377248f\" for container name:\"etcd\"  attempt:4"
Aug 25 04:14:25 pranav-cluster-control-plane containerd[131]: time="2026-08-25T04:14:25.568928568Z" level=info msg="RunPodSandbox for name:\"kube-scheduler-pranav-cluster-control-plane\"  uid:\"3b83dff0d7c5136b53c91c8728b0fafe\"  namespace:\"kube-system\"  attempt:33 returns sandbox id \"54dad963763bcc364e2532fe682da02df3a270db432cfd10653278bd5a410a28\""
Aug 25 04:14:25 pranav-cluster-control-plane containerd[131]: time="2026-08-25T04:14:25.573141749Z" level=info msg="CreateContainer within sandbox \"54dad963763bcc364e2532fe682da02df3a270db432cfd10653278bd5a410a28\" for container name:\"kube-scheduler\"  attempt:52"
Aug 25 04:14:25 pranav-cluster-control-plane containerd[131]: time="2026-08-25T04:14:25.628074195Z" level=info msg="connecting to shim 678944ecc1e0402b232e43078b19d5ca6d224b0be0eacaaa349019ca700a7efa" address="unix:///run/containerd/s/65b9969fc0d2b230fd625f8d461d1bfe2dc70dc659ba71a6f95e92d14a3bc63a" namespace=k8s.io protocol=ttrpc version=3
Aug 25 04:14:25 pranav-cluster-control-plane containerd[131]: time="2026-08-25T04:14:25.666528137Z" level=info msg="RunPodSandbox for name:\"kube-apiserver-pranav-cluster-control-plane\"  uid:\"f162245a8b45a65c9054254bd8552601\"  namespace:\"kube-system\"  attempt:4 returns sandbox id \"506f55cf702ccbc47d97dcae4942414cb3185b46d8e05fec5dfb7e20de726b53\""
Aug 25 04:14:25 pranav-cluster-control-plane containerd[131]: time="2026-08-25T04:14:25.671877190Z" level=info msg="CreateContainer within sandbox \"506f55cf702ccbc47d97dcae4942414cb3185b46d8e05fec5dfb7e20de726b53\" for container name:\"kube-apiserver\"  attempt:48"
Aug 25 04:14:25 pranav-cluster-control-plane containerd[131]: time="2026-08-25T04:14:25.824864045Z" level=info msg="RunPodSandbox for name:\"kube-controller-manager-pranav-cluster-control-plane\"  uid:\"7ee1ba03bb38c44a9b81c0a6cc72fdca\"  namespace:\"kube-system\"  attempt:33 returns sandbox id \"678944ecc1e0402b232e43078b19d5ca6d224b0be0eacaaa349019ca700a7efa\""
Aug 25 04:14:25 pranav-cluster-control-plane containerd[131]: time="2026-08-25T04:14:25.829179377Z" level=info msg="CreateContainer within sandbox \"678944ecc1e0402b232e43078b19d5ca6d224b0be0eacaaa349019ca700a7efa\" for container name:\"kube-controller-manager\"  attempt:71"
Aug 25 04:14:26 pranav-cluster-control-plane containerd[131]: time="2026-08-25T04:14:26.195746937Z" level=info msg="Container bc236a7f92ac6280d720088b554b58f7d0b010d6cacadd56daba78f82dd6d14f: CDI devices from CRI Config.CDIDevices: []"
Aug 25 04:14:26 pranav-cluster-control-plane containerd[131]: time="2026-08-25T04:14:26.316755970Z" level=info msg="Container 1ac642054985dbd87d562bbfca9893a3c9b630fff631273d1c01471cd9965449: CDI devices from CRI Config.CDIDevices: []"
Aug 25 04:14:26 pranav-cluster-control-plane containerd[131]: time="2026-08-25T04:14:26.417015524Z" level=info msg="Container 6fcfb3e58cdada4ed763a57c63e3a06e683ee16b0caedac4b1a5b34d11947821: CDI devices from CRI Config.CDIDevices: []"
Aug 25 04:14:26 pranav-cluster-control-plane containerd[131]: time="2026-08-25T04:14:26.699760210Z" level=info msg="CreateContainer within sandbox \"54dad963763bcc364e2532fe682da02df3a270db432cfd10653278bd5a410a28\" for name:\"kube-scheduler\"  attempt:52 returns container id \"bc236a7f92ac6280d720088b554b58f7d0b010d6cacadd56daba78f82dd6d14f\""
Aug 25 04:14:26 pranav-cluster-control-plane containerd[131]: time="2026-08-25T04:14:26.701368262Z" level=info msg="StartContainer for \"bc236a7f92ac6280d720088b554b58f7d0b010d6cacadd56daba78f82dd6d14f\""
Aug 25 04:14:26 pranav-cluster-control-plane containerd[131]: time="2026-08-25T04:14:26.706076005Z" level=info msg="connecting to shim bc236a7f92ac6280d720088b554b58f7d0b010d6cacadd56daba78f82dd6d14f" address="unix:///run/containerd/s/10952334966e7c9476fdb060a5e1702d647530c40701936d9fbb7802e750b070" protocol=ttrpc version=3
Aug 25 04:14:26 pranav-cluster-control-plane containerd[131]: time="2026-08-25T04:14:26.798006353Z" level=info msg="Container 1c29dd7453d52418824e76ab31b5a98cb07b14eed287c591c7a55ae425fcc0f7: CDI devices from CRI Config.CDIDevices: []"
Aug 25 04:14:26 pranav-cluster-control-plane containerd[131]: time="2026-08-25T04:14:26.798960423Z" level=info msg="CreateContainer within sandbox \"5d7ad66f0fb4de8deac4b2c3812e041c9247841cdfd26174d6747c6e7377248f\" for name:\"etcd\"  attempt:4 returns container id \"1ac642054985dbd87d562bbfca9893a3c9b630fff631273d1c01471cd9965449\""
Aug 25 04:14:26 pranav-cluster-control-plane containerd[131]: time="2026-08-25T04:14:26.800106425Z" level=info msg="StartContainer for \"1ac642054985dbd87d562bbfca9893a3c9b630fff631273d1c01471cd9965449\""
Aug 25 04:14:26 pranav-cluster-control-plane containerd[131]: time="2026-08-25T04:14:26.803829896Z" level=info msg="connecting to shim 1ac642054985dbd87d562bbfca9893a3c9b630fff631273d1c01471cd9965449" address="unix:///run/containerd/s/cad8cf03458cebe27ffa38d935b4e613cf952b5902e4ac4093036364a8cdd29d" protocol=ttrpc version=3
Aug 25 04:14:26 pranav-cluster-control-plane containerd[131]: time="2026-08-25T04:14:26.930348932Z" level=info msg="CreateContainer within sandbox \"506f55cf702ccbc47d97dcae4942414cb3185b46d8e05fec5dfb7e20de726b53\" for name:\"kube-apiserver\"  attempt:48 returns container id \"6fcfb3e58cdada4ed763a57c63e3a06e683ee16b0caedac4b1a5b34d11947821\""
Aug 25 04:14:26 pranav-cluster-control-plane containerd[131]: time="2026-08-25T04:14:26.930912704Z" level=info msg="StartContainer for \"6fcfb3e58cdada4ed763a57c63e3a06e683ee16b0caedac4b1a5b34d11947821\""
Aug 25 04:14:26 pranav-cluster-control-plane containerd[131]: time="2026-08-25T04:14:26.932753430Z" level=info msg="connecting to shim 6fcfb3e58cdada4ed763a57c63e3a06e683ee16b0caedac4b1a5b34d11947821" address="unix:///run/containerd/s/7b23c7c1abe351cbf39a2dca4d41cf12a34309e4e8d8be9dd2ba7c6e29c06081" protocol=ttrpc version=3
Aug 25 04:14:27 pranav-cluster-control-plane containerd[131]: time="2026-08-25T04:14:27.263848876Z" level=info msg="StartContainer for \"bc236a7f92ac6280d720088b554b58f7d0b010d6cacadd56daba78f82dd6d14f\" returns successfully"
Aug 25 04:14:27 pranav-cluster-control-plane containerd[131]: time="2026-08-25T04:14:27.313123705Z" level=info msg="CreateContainer within sandbox \"678944ecc1e0402b232e43078b19d5ca6d224b0be0eacaaa349019ca700a7efa\" for name:\"kube-controller-manager\"  attempt:71 returns container id \"1c29dd7453d52418824e76ab31b5a98cb07b14eed287c591c7a55ae425fcc0f7\""
Aug 25 04:14:27 pranav-cluster-control-plane containerd[131]: time="2026-08-25T04:14:27.314741864Z" level=info msg="StartContainer for \"1c29dd7453d52418824e76ab31b5a98cb07b14eed287c591c7a55ae425fcc0f7\""
Aug 25 04:14:27 pranav-cluster-control-plane containerd[131]: time="2026-08-25T04:14:27.316996784Z" level=info msg="connecting to shim 1c29dd7453d52418824e76ab31b5a98cb07b14eed287c591c7a55ae425fcc0f7" address="unix:///run/containerd/s/65b9969fc0d2b230fd625f8d461d1bfe2dc70dc659ba71a6f95e92d14a3bc63a" protocol=ttrpc version=3
Aug 25 04:14:27 pranav-cluster-control-plane containerd[131]: time="2026-08-25T04:14:27.568539326Z" level=info msg="StartContainer for \"1ac642054985dbd87d562bbfca9893a3c9b630fff631273d1c01471cd9965449\" returns successfully"
Aug 25 04:14:27 pranav-cluster-control-plane containerd[131]: time="2026-08-25T04:14:27.970424020Z" level=info msg="received container exit event container_id:\"6fcfb3e58cdada4ed763a57c63e3a06e683ee16b0caedac4b1a5b34d11947821\"  id:\"6fcfb3e58cdada4ed763a57c63e3a06e683ee16b0caedac4b1a5b34d11947821\"  pid:486  exit_status:1  exited_at:{seconds:1787631267  nanos:966538251}"
Aug 25 04:14:27 pranav-cluster-control-plane containerd[131]: time="2026-08-25T04:14:27.971618265Z" level=info msg="StartContainer for \"6fcfb3e58cdada4ed763a57c63e3a06e683ee16b0caedac4b1a5b34d11947821\" returns successfully"
Aug 25 04:14:28 pranav-cluster-control-plane containerd[131]: time="2026-08-25T04:14:28.248887020Z" level=info msg="StartContainer for \"1c29dd7453d52418824e76ab31b5a98cb07b14eed287c591c7a55ae425fcc0f7\" returns successfully"
Aug 25 04:14:29 pranav-cluster-control-plane containerd[131]: time="2026-08-25T04:14:29.006372938Z" level=info msg="RemoveContainer for \"c446275f4da1fd9db82a5fd4dc20aec593851d7490268ac75417b7b49d723e32\""
Aug 25 04:14:29 pranav-cluster-control-plane containerd[131]: time="2026-08-25T04:14:29.198132235Z" level=info msg="RemoveContainer for \"c446275f4da1fd9db82a5fd4dc20aec593851d7490268ac75417b7b49d723e32\" returns successfully"
Aug 25 04:14:39 pranav-cluster-control-plane containerd[131]: time="2026-08-25T04:14:39.867987056Z" level=info msg="CreateContainer within sandbox \"506f55cf702ccbc47d97dcae4942414cb3185b46d8e05fec5dfb7e20de726b53\" for container name:\"kube-apiserver\"  attempt:49"
Aug 25 04:14:40 pranav-cluster-control-plane containerd[131]: time="2026-08-25T04:14:40.216520250Z" level=info msg="Container fae788c0aa433e8a8eaeff19b9f573017a2b643b9271606ad4e2711202836baa: CDI devices from CRI Config.CDIDevices: []"
Aug 25 04:14:40 pranav-cluster-control-plane containerd[131]: time="2026-08-25T04:14:40.375731884Z" level=info msg="CreateContainer within sandbox \"506f55cf702ccbc47d97dcae4942414cb3185b46d8e05fec5dfb7e20de726b53\" for name:\"kube-apiserver\"  attempt:49 returns container id \"fae788c0aa433e8a8eaeff19b9f573017a2b643b9271606ad4e2711202836baa\""
Aug 25 04:14:40 pranav-cluster-control-plane containerd[131]: time="2026-08-25T04:14:40.376715866Z" level=info msg="StartContainer for \"fae788c0aa433e8a8eaeff19b9f573017a2b643b9271606ad4e2711202836baa\""
Aug 25 04:14:40 pranav-cluster-control-plane containerd[131]: time="2026-08-25T04:14:40.378964048Z" level=info msg="connecting to shim fae788c0aa433e8a8eaeff19b9f573017a2b643b9271606ad4e2711202836baa" address="unix:///run/containerd/s/7b23c7c1abe351cbf39a2dca4d41cf12a34309e4e8d8be9dd2ba7c6e29c06081" protocol=ttrpc version=3
Aug 25 04:14:40 pranav-cluster-control-plane containerd[131]: time="2026-08-25T04:14:40.798656205Z" level=info msg="StartContainer for \"fae788c0aa433e8a8eaeff19b9f573017a2b643b9271606ad4e2711202836baa\" returns successfully"
Aug 25 04:14:40 pranav-cluster-control-plane containerd[131]: time="2026-08-25T04:14:40.809069310Z" level=info msg="received container exit event container_id:\"fae788c0aa433e8a8eaeff19b9f573017a2b643b9271606ad4e2711202836baa\"  id:\"fae788c0aa433e8a8eaeff19b9f573017a2b643b9271606ad4e2711202836baa\"  pid:591  exit_status:1  exited_at:{seconds:1787631280  nanos:808864241}"
Aug 25 04:14:41 pranav-cluster-control-plane containerd[131]: time="2026-08-25T04:14:41.084597629Z" level=info msg="RemoveContainer for \"6fcfb3e58cdada4ed763a57c63e3a06e683ee16b0caedac4b1a5b34d11947821\""
Aug 25 04:14:41 pranav-cluster-control-plane containerd[131]: time="2026-08-25T04:14:41.189884732Z" level=info msg="RemoveContainer for \"6fcfb3e58cdada4ed763a57c63e3a06e683ee16b0caedac4b1a5b34d11947821\" returns successfully"
Aug 25 04:15:04 pranav-cluster-control-plane containerd[131]: time="2026-08-25T04:15:04.868268378Z" level=info msg="CreateContainer within sandbox \"506f55cf702ccbc47d97dcae4942414cb3185b46d8e05fec5dfb7e20de726b53\" for container name:\"kube-apiserver\"  attempt:50"
Aug 25 04:15:05 pranav-cluster-control-plane containerd[131]: time="2026-08-25T04:15:05.158833940Z" level=info msg="Container a1b3dd7472eb9a65d889556b4a7f8d6ecf2a478253dd82a5a22a543228d92a68: CDI devices from CRI Config.CDIDevices: []"
Aug 25 04:15:05 pranav-cluster-control-plane containerd[131]: time="2026-08-25T04:15:05.318586923Z" level=info msg="CreateContainer within sandbox \"506f55cf702ccbc47d97dcae4942414cb3185b46d8e05fec5dfb7e20de726b53\" for name:\"kube-apiserver\"  attempt:50 returns container id \"a1b3dd7472eb9a65d889556b4a7f8d6ecf2a478253dd82a5a22a543228d92a68\""
Aug 25 04:15:05 pranav-cluster-control-plane containerd[131]: time="2026-08-25T04:15:05.319541543Z" level=info msg="StartContainer for \"a1b3dd7472eb9a65d889556b4a7f8d6ecf2a478253dd82a5a22a543228d92a68\""
Aug 25 04:15:05 pranav-cluster-control-plane containerd[131]: time="2026-08-25T04:15:05.321961645Z" level=info msg="connecting to shim a1b3dd7472eb9a65d889556b4a7f8d6ecf2a478253dd82a5a22a543228d92a68" address="unix:///run/containerd/s/7b23c7c1abe351cbf39a2dca4d41cf12a34309e4e8d8be9dd2ba7c6e29c06081" protocol=ttrpc version=3
Aug 25 04:15:05 pranav-cluster-control-plane containerd[131]: time="2026-08-25T04:15:05.717467859Z" level=info msg="received container exit event container_id:\"a1b3dd7472eb9a65d889556b4a7f8d6ecf2a478253dd82a5a22a543228d92a68\"  id:\"a1b3dd7472eb9a65d889556b4a7f8d6ecf2a478253dd82a5a22a543228d92a68\"  pid:639  exit_status:1  exited_at:{seconds:1787631305  nanos:702612379}"
Aug 25 04:15:05 pranav-cluster-control-plane containerd[131]: time="2026-08-25T04:15:05.724560216Z" level=info msg="StartContainer for \"a1b3dd7472eb9a65d889556b4a7f8d6ecf2a478253dd82a5a22a543228d92a68\" returns successfully"
Aug 25 04:15:06 pranav-cluster-control-plane containerd[131]: time="2026-08-25T04:15:06.187982702Z" level=info msg="RemoveContainer for \"fae788c0aa433e8a8eaeff19b9f573017a2b643b9271606ad4e2711202836baa\""
Aug 25 04:15:06 pranav-cluster-control-plane containerd[131]: time="2026-08-25T04:15:06.490193598Z" level=info msg="RemoveContainer for \"fae788c0aa433e8a8eaeff19b9f573017a2b643b9271606ad4e2711202836baa\" returns successfully"
Aug 25 04:15:24 pranav-cluster-control-plane containerd[131]: time="2026-08-25T04:15:24.250111254Z" level=info msg="StopPodSandbox for \"b0d8a3ec3bc06992ee6f5b1421138f430c0393b7c3f26160b22c9cace8d16960\""
Aug 25 04:15:24 pranav-cluster-control-plane containerd[131]: time="2026-08-25T04:15:24.251090248Z" level=info msg="TearDown network for sandbox \"b0d8a3ec3bc06992ee6f5b1421138f430c0393b7c3f26160b22c9cace8d16960\" successfully"
Aug 25 04:15:24 pranav-cluster-control-plane containerd[131]: time="2026-08-25T04:15:24.251259071Z" level=info msg="StopPodSandbox for \"b0d8a3ec3bc06992ee6f5b1421138f430c0393b7c3f26160b22c9cace8d16960\" returns successfully"
Aug 25 04:15:24 pranav-cluster-control-plane containerd[131]: time="2026-08-25T04:15:24.252638744Z" level=info msg="RemovePodSandbox for \"b0d8a3ec3bc06992ee6f5b1421138f430c0393b7c3f26160b22c9cace8d16960\""
Aug 25 04:15:24 pranav-cluster-control-plane containerd[131]: time="2026-08-25T04:15:24.252709288Z" level=info msg="Forcibly stopping sandbox \"b0d8a3ec3bc06992ee6f5b1421138f430c0393b7c3f26160b22c9cace8d16960\""
Aug 25 04:15:24 pranav-cluster-control-plane containerd[131]: time="2026-08-25T04:15:24.253584337Z" level=info msg="TearDown network for sandbox \"b0d8a3ec3bc06992ee6f5b1421138f430c0393b7c3f26160b22c9cace8d16960\" successfully"
Aug 25 04:15:24 pranav-cluster-control-plane containerd[131]: time="2026-08-25T04:15:24.398428026Z" level=info msg="Ensure that sandbox b0d8a3ec3bc06992ee6f5b1421138f430c0393b7c3f26160b22c9cace8d16960 in task-service has been cleanup successfully"
Aug 25 04:15:24 pranav-cluster-control-plane containerd[131]: time="2026-08-25T04:15:24.556108998Z" level=info msg="RemovePodSandbox \"b0d8a3ec3bc06992ee6f5b1421138f430c0393b7c3f26160b22c9cace8d16960\" returns successfully"
Aug 25 04:15:58 pranav-cluster-control-plane containerd[131]: time="2026-08-25T04:15:58.870140868Z" level=info msg="CreateContainer within sandbox \"506f55cf702ccbc47d97dcae4942414cb3185b46d8e05fec5dfb7e20de726b53\" for container name:\"kube-apiserver\"  attempt:51"
Aug 25 04:15:59 pranav-cluster-control-plane containerd[131]: time="2026-08-25T04:15:59.158070917Z" level=info msg="Container 8e32f9794847c0a73526a578684f6613e0d1deeb72a813780eb80c59bfe9a8bd: CDI devices from CRI Config.CDIDevices: []"
Aug 25 04:15:59 pranav-cluster-control-plane containerd[131]: time="2026-08-25T04:15:59.318149344Z" level=info msg="CreateContainer within sandbox \"506f55cf702ccbc47d97dcae4942414cb3185b46d8e05fec5dfb7e20de726b53\" for name:\"kube-apiserver\"  attempt:51 returns container id \"8e32f9794847c0a73526a578684f6613e0d1deeb72a813780eb80c59bfe9a8bd\""
Aug 25 04:15:59 pranav-cluster-control-plane containerd[131]: time="2026-08-25T04:15:59.319060151Z" level=info msg="StartContainer for \"8e32f9794847c0a73526a578684f6613e0d1deeb72a813780eb80c59bfe9a8bd\""
Aug 25 04:15:59 pranav-cluster-control-plane containerd[131]: time="2026-08-25T04:15:59.322300035Z" level=info msg="connecting to shim 8e32f9794847c0a73526a578684f6613e0d1deeb72a813780eb80c59bfe9a8bd" address="unix:///run/containerd/s/7b23c7c1abe351cbf39a2dca4d41cf12a34309e4e8d8be9dd2ba7c6e29c06081" protocol=ttrpc version=3
Aug 25 04:15:59 pranav-cluster-control-plane containerd[131]: time="2026-08-25T04:15:59.750353107Z" level=info msg="received container exit event container_id:\"8e32f9794847c0a73526a578684f6613e0d1deeb72a813780eb80c59bfe9a8bd\"  id:\"8e32f9794847c0a73526a578684f6613e0d1deeb72a813780eb80c59bfe9a8bd\"  pid:692  exit_status:1  exited_at:{seconds:1787631359  nanos:732621288}"
Aug 25 04:15:59 pranav-cluster-control-plane containerd[131]: time="2026-08-25T04:15:59.751808804Z" level=info msg="StartContainer for \"8e32f9794847c0a73526a578684f6613e0d1deeb72a813780eb80c59bfe9a8bd\" returns successfully"
Aug 25 04:16:00 pranav-cluster-control-plane containerd[131]: time="2026-08-25T04:16:00.412173989Z" level=info msg="RemoveContainer for \"a1b3dd7472eb9a65d889556b4a7f8d6ecf2a478253dd82a5a22a543228d92a68\""
Aug 25 04:16:00 pranav-cluster-control-plane containerd[131]: time="2026-08-25T04:16:00.602991798Z" level=info msg="RemoveContainer for \"a1b3dd7472eb9a65d889556b4a7f8d6ecf2a478253dd82a5a22a543228d92a68\" returns successfully"
Aug 25 04:17:20 pranav-cluster-control-plane containerd[131]: time="2026-08-25T04:17:20.871280942Z" level=info msg="CreateContainer within sandbox \"506f55cf702ccbc47d97dcae4942414cb3185b46d8e05fec5dfb7e20de726b53\" for container name:\"kube-apiserver\"  attempt:52"
Aug 25 04:17:21 pranav-cluster-control-plane containerd[131]: time="2026-08-25T04:17:21.163291246Z" level=info msg="Container 4b21901f2bb01c0b11e44e7517cd9e534ac2de4ad992190a6a59befd16b4952c: CDI devices from CRI Config.CDIDevices: []"
Aug 25 04:17:21 pranav-cluster-control-plane containerd[131]: time="2026-08-25T04:17:21.320438579Z" level=info msg="CreateContainer within sandbox \"506f55cf702ccbc47d97dcae4942414cb3185b46d8e05fec5dfb7e20de726b53\" for name:\"kube-apiserver\"  attempt:52 returns container id \"4b21901f2bb01c0b11e44e7517cd9e534ac2de4ad992190a6a59befd16b4952c\""
Aug 25 04:17:21 pranav-cluster-control-plane containerd[131]: time="2026-08-25T04:17:21.320900405Z" level=info msg="StartContainer for \"4b21901f2bb01c0b11e44e7517cd9e534ac2de4ad992190a6a59befd16b4952c\""
Aug 25 04:17:21 pranav-cluster-control-plane containerd[131]: time="2026-08-25T04:17:21.322252046Z" level=info msg="connecting to shim 4b21901f2bb01c0b11e44e7517cd9e534ac2de4ad992190a6a59befd16b4952c" address="unix:///run/containerd/s/7b23c7c1abe351cbf39a2dca4d41cf12a34309e4e8d8be9dd2ba7c6e29c06081" protocol=ttrpc version=3
Aug 25 04:17:21 pranav-cluster-control-plane containerd[131]: time="2026-08-25T04:17:21.724141989Z" level=info msg="StartContainer for \"4b21901f2bb01c0b11e44e7517cd9e534ac2de4ad992190a6a59befd16b4952c\" returns successfully"
Aug 25 04:17:21 pranav-cluster-control-plane containerd[131]: time="2026-08-25T04:17:21.761897319Z" level=info msg="received container exit event container_id:\"4b21901f2bb01c0b11e44e7517cd9e534ac2de4ad992190a6a59befd16b4952c\"  id:\"4b21901f2bb01c0b11e44e7517cd9e534ac2de4ad992190a6a59befd16b4952c\"  pid:743  exit_status:1  exited_at:{seconds:1787631441  nanos:761653491}"
Aug 25 04:17:22 pranav-cluster-control-plane containerd[131]: time="2026-08-25T04:17:22.741457293Z" level=info msg="RemoveContainer for \"8e32f9794847c0a73526a578684f6613e0d1deeb72a813780eb80c59bfe9a8bd\""
Aug 25 04:17:22 pranav-cluster-control-plane containerd[131]: time="2026-08-25T04:17:22.939331641Z" level=info msg="RemoveContainer for \"8e32f9794847c0a73526a578684f6613e0d1deeb72a813780eb80c59bfe9a8bd\" returns successfully"
Aug 25 04:19:22 pranav-cluster-control-plane containerd[131]: time="2026-08-25T04:19:22.972445272Z" level=info msg="container event discarded" container=7587d4415cda59782c2964401605a8003e4fdf1dcc025143d69c4df969dc5d48 type=CONTAINER_DELETED_EVENT
Aug 25 04:19:23 pranav-cluster-control-plane containerd[131]: time="2026-08-25T04:19:23.102453192Z" level=info msg="container event discarded" container=f0579d272369bc54c5d34e29ef1a3fbb0eb57ec6a26edca6f27685dd64d79a9d type=CONTAINER_DELETED_EVENT
Aug 25 04:19:23 pranav-cluster-control-plane containerd[131]: time="2026-08-25T04:19:23.261370049Z" level=info msg="container event discarded" container=1b86e205a8d347dd36670dad935cf0baf266bb39a69332b6aef31e88e02a5eb4 type=CONTAINER_DELETED_EVENT
Aug 25 04:19:23 pranav-cluster-control-plane containerd[131]: time="2026-08-25T04:19:23.962399001Z" level=info msg="container event discarded" container=09694b1d88c5ba265000e5b00c701ce67e9d842945c5755fd50df84673d193b6 type=CONTAINER_DELETED_EVENT
Aug 25 04:19:25 pranav-cluster-control-plane containerd[131]: time="2026-08-25T04:19:25.509392459Z" level=info msg="container event discarded" container=5d7ad66f0fb4de8deac4b2c3812e041c9247841cdfd26174d6747c6e7377248f type=CONTAINER_CREATED_EVENT
Aug 25 04:19:25 pranav-cluster-control-plane containerd[131]: time="2026-08-25T04:19:25.509484531Z" level=info msg="container event discarded" container=5d7ad66f0fb4de8deac4b2c3812e041c9247841cdfd26174d6747c6e7377248f type=CONTAINER_STARTED_EVENT
Aug 25 04:19:25 pranav-cluster-control-plane containerd[131]: time="2026-08-25T04:19:25.584364771Z" level=info msg="container event discarded" container=54dad963763bcc364e2532fe682da02df3a270db432cfd10653278bd5a410a28 type=CONTAINER_CREATED_EVENT
Aug 25 04:19:25 pranav-cluster-control-plane containerd[131]: time="2026-08-25T04:19:25.584447811Z" level=info msg="container event discarded" container=54dad963763bcc364e2532fe682da02df3a270db432cfd10653278bd5a410a28 type=CONTAINER_STARTED_EVENT
Aug 25 04:19:25 pranav-cluster-control-plane containerd[131]: time="2026-08-25T04:19:25.682381861Z" level=info msg="container event discarded" container=506f55cf702ccbc47d97dcae4942414cb3185b46d8e05fec5dfb7e20de726b53 type=CONTAINER_CREATED_EVENT
Aug 25 04:19:25 pranav-cluster-control-plane containerd[131]: time="2026-08-25T04:19:25.682432283Z" level=info msg="container event discarded" container=506f55cf702ccbc47d97dcae4942414cb3185b46d8e05fec5dfb7e20de726b53 type=CONTAINER_STARTED_EVENT
Aug 25 04:19:25 pranav-cluster-control-plane containerd[131]: time="2026-08-25T04:19:25.840431738Z" level=info msg="container event discarded" container=678944ecc1e0402b232e43078b19d5ca6d224b0be0eacaaa349019ca700a7efa type=CONTAINER_CREATED_EVENT
Aug 25 04:19:25 pranav-cluster-control-plane containerd[131]: time="2026-08-25T04:19:25.840525170Z" level=info msg="container event discarded" container=678944ecc1e0402b232e43078b19d5ca6d224b0be0eacaaa349019ca700a7efa type=CONTAINER_STARTED_EVENT
Aug 25 04:19:26 pranav-cluster-control-plane containerd[131]: time="2026-08-25T04:19:26.713496303Z" level=info msg="container event discarded" container=bc236a7f92ac6280d720088b554b58f7d0b010d6cacadd56daba78f82dd6d14f type=CONTAINER_CREATED_EVENT
Aug 25 04:19:26 pranav-cluster-control-plane containerd[131]: time="2026-08-25T04:19:26.813385089Z" level=info msg="container event discarded" container=1ac642054985dbd87d562bbfca9893a3c9b630fff631273d1c01471cd9965449 type=CONTAINER_CREATED_EVENT
Aug 25 04:19:26 pranav-cluster-control-plane containerd[131]: time="2026-08-25T04:19:26.946457821Z" level=info msg="container event discarded" container=6fcfb3e58cdada4ed763a57c63e3a06e683ee16b0caedac4b1a5b34d11947821 type=CONTAINER_CREATED_EVENT
Aug 25 04:19:27 pranav-cluster-control-plane containerd[131]: time="2026-08-25T04:19:27.277478517Z" level=info msg="container event discarded" container=bc236a7f92ac6280d720088b554b58f7d0b010d6cacadd56daba78f82dd6d14f type=CONTAINER_STARTED_EVENT
Aug 25 04:19:27 pranav-cluster-control-plane containerd[131]: time="2026-08-25T04:19:27.327365833Z" level=info msg="container event discarded" container=1c29dd7453d52418824e76ab31b5a98cb07b14eed287c591c7a55ae425fcc0f7 type=CONTAINER_CREATED_EVENT
Aug 25 04:19:27 pranav-cluster-control-plane containerd[131]: time="2026-08-25T04:19:27.582407083Z" level=info msg="container event discarded" container=1ac642054985dbd87d562bbfca9893a3c9b630fff631273d1c01471cd9965449 type=CONTAINER_STARTED_EVENT
Aug 25 04:19:27 pranav-cluster-control-plane containerd[131]: time="2026-08-25T04:19:27.985437576Z" level=info msg="container event discarded" container=6fcfb3e58cdada4ed763a57c63e3a06e683ee16b0caedac4b1a5b34d11947821 type=CONTAINER_STARTED_EVENT
Aug 25 04:19:28 pranav-cluster-control-plane containerd[131]: time="2026-08-25T04:19:28.254361968Z" level=info msg="container event discarded" container=1c29dd7453d52418824e76ab31b5a98cb07b14eed287c591c7a55ae425fcc0f7 type=CONTAINER_STARTED_EVENT
Aug 25 04:19:28 pranav-cluster-control-plane containerd[131]: time="2026-08-25T04:19:28.370392097Z" level=info msg="container event discarded" container=6fcfb3e58cdada4ed763a57c63e3a06e683ee16b0caedac4b1a5b34d11947821 type=CONTAINER_STOPPED_EVENT
Aug 25 04:19:29 pranav-cluster-control-plane containerd[131]: time="2026-08-25T04:19:29.213386335Z" level=info msg="container event discarded" container=c446275f4da1fd9db82a5fd4dc20aec593851d7490268ac75417b7b49d723e32 type=CONTAINER_DELETED_EVENT
Aug 25 04:19:40 pranav-cluster-control-plane containerd[131]: time="2026-08-25T04:19:40.389879632Z" level=info msg="container event discarded" container=fae788c0aa433e8a8eaeff19b9f573017a2b643b9271606ad4e2711202836baa type=CONTAINER_CREATED_EVENT
Aug 25 04:19:40 pranav-cluster-control-plane containerd[131]: time="2026-08-25T04:19:40.812926986Z" level=info msg="container event discarded" container=fae788c0aa433e8a8eaeff19b9f573017a2b643b9271606ad4e2711202836baa type=CONTAINER_STARTED_EVENT
Aug 25 04:19:41 pranav-cluster-control-plane containerd[131]: time="2026-08-25T04:19:41.028879707Z" level=info msg="container event discarded" container=fae788c0aa433e8a8eaeff19b9f573017a2b643b9271606ad4e2711202836baa type=CONTAINER_STOPPED_EVENT
Aug 25 04:19:41 pranav-cluster-control-plane containerd[131]: time="2026-08-25T04:19:41.205739077Z" level=info msg="container event discarded" container=6fcfb3e58cdada4ed763a57c63e3a06e683ee16b0caedac4b1a5b34d11947821 type=CONTAINER_DELETED_EVENT
Aug 25 04:20:05 pranav-cluster-control-plane containerd[131]: time="2026-08-25T04:20:05.332808230Z" level=info msg="container event discarded" container=a1b3dd7472eb9a65d889556b4a7f8d6ecf2a478253dd82a5a22a543228d92a68 type=CONTAINER_CREATED_EVENT
Aug 25 04:20:05 pranav-cluster-control-plane containerd[131]: time="2026-08-25T04:20:05.733742834Z" level=info msg="container event discarded" container=a1b3dd7472eb9a65d889556b4a7f8d6ecf2a478253dd82a5a22a543228d92a68 type=CONTAINER_STARTED_EVENT
Aug 25 04:20:05 pranav-cluster-control-plane containerd[131]: time="2026-08-25T04:20:05.872871444Z" level=info msg="CreateContainer within sandbox \"506f55cf702ccbc47d97dcae4942414cb3185b46d8e05fec5dfb7e20de726b53\" for container name:\"kube-apiserver\"  attempt:53"
Aug 25 04:20:05 pranav-cluster-control-plane containerd[131]: time="2026-08-25T04:20:05.927735020Z" level=info msg="container event discarded" container=a1b3dd7472eb9a65d889556b4a7f8d6ecf2a478253dd82a5a22a543228d92a68 type=CONTAINER_STOPPED_EVENT
Aug 25 04:20:06 pranav-cluster-control-plane containerd[131]: time="2026-08-25T04:20:06.255876136Z" level=info msg="Container c435d4575f5aa7d2b73ee31bb0622e08c34a91cfbc48098257fa7c8c5c9df0bc: CDI devices from CRI Config.CDIDevices: []"
Aug 25 04:20:06 pranav-cluster-control-plane containerd[131]: time="2026-08-25T04:20:06.414838477Z" level=info msg="CreateContainer within sandbox \"506f55cf702ccbc47d97dcae4942414cb3185b46d8e05fec5dfb7e20de726b53\" for name:\"kube-apiserver\"  attempt:53 returns container id \"c435d4575f5aa7d2b73ee31bb0622e08c34a91cfbc48098257fa7c8c5c9df0bc\""
Aug 25 04:20:06 pranav-cluster-control-plane containerd[131]: time="2026-08-25T04:20:06.416314160Z" level=info msg="StartContainer for \"c435d4575f5aa7d2b73ee31bb0622e08c34a91cfbc48098257fa7c8c5c9df0bc\""
Aug 25 04:20:06 pranav-cluster-control-plane containerd[131]: time="2026-08-25T04:20:06.418232756Z" level=info msg="connecting to shim c435d4575f5aa7d2b73ee31bb0622e08c34a91cfbc48098257fa7c8c5c9df0bc" address="unix:///run/containerd/s/7b23c7c1abe351cbf39a2dca4d41cf12a34309e4e8d8be9dd2ba7c6e29c06081" protocol=ttrpc version=3
Aug 25 04:20:06 pranav-cluster-control-plane containerd[131]: time="2026-08-25T04:20:06.505742995Z" level=info msg="container event discarded" container=fae788c0aa433e8a8eaeff19b9f573017a2b643b9271606ad4e2711202836baa type=CONTAINER_DELETED_EVENT
Aug 25 04:20:06 pranav-cluster-control-plane containerd[131]: time="2026-08-25T04:20:06.781108830Z" level=info msg="received container exit event container_id:\"c435d4575f5aa7d2b73ee31bb0622e08c34a91cfbc48098257fa7c8c5c9df0bc\"  id:\"c435d4575f5aa7d2b73ee31bb0622e08c34a91cfbc48098257fa7c8c5c9df0bc\"  pid:819  exit_status:1  exited_at:{seconds:1787631606  nanos:779779563}"
Aug 25 04:20:06 pranav-cluster-control-plane containerd[131]: time="2026-08-25T04:20:06.782258910Z" level=info msg="StartContainer for \"c435d4575f5aa7d2b73ee31bb0622e08c34a91cfbc48098257fa7c8c5c9df0bc\" returns successfully"
Aug 25 04:20:07 pranav-cluster-control-plane containerd[131]: time="2026-08-25T04:20:07.343549558Z" level=info msg="RemoveContainer for \"4b21901f2bb01c0b11e44e7517cd9e534ac2de4ad992190a6a59befd16b4952c\""
Aug 25 04:20:07 pranav-cluster-control-plane containerd[131]: time="2026-08-25T04:20:07.484569520Z" level=info msg="RemoveContainer for \"4b21901f2bb01c0b11e44e7517cd9e534ac2de4ad992190a6a59befd16b4952c\" returns successfully"
Aug 25 04:20:24 pranav-cluster-control-plane containerd[131]: time="2026-08-25T04:20:24.524746468Z" level=info msg="container event discarded" container=b0d8a3ec3bc06992ee6f5b1421138f430c0393b7c3f26160b22c9cace8d16960 type=CONTAINER_DELETED_EVENT
